Component: ARM Compiler 5.05 update 1 (build 106) Tool: armlink [4d0efa]

==============================================================================

Section Cross References

    main.o(i.main) refers to os_core.o(i.OSInit) for OSInit
    main.o(i.main) refers to os_task.o(i.OSTaskCreate) for OSTaskCreate
    main.o(i.main) refers to os_core.o(i.OSStart) for OSStart
    main.o(i.main) refers to main.o(.bss) for Task_SysInitStk
    main.o(i.main) refers to task_sysinit.o(i.Task_SysInit) for Task_SysInit
    stm32f4xx_it.o(i.CAN1_RX0_IRQHandler) refers to cpu_a.o(.text) for CPU_SR_Save
    stm32f4xx_it.o(i.CAN1_RX0_IRQHandler) refers to stm32f4xx_can.o(i.CAN_ClearITPendingBit) for CAN_ClearITPendingBit
    stm32f4xx_it.o(i.CAN1_RX0_IRQHandler) refers to stm32f4xx_can.o(i.CAN_Receive) for CAN_Receive
    stm32f4xx_it.o(i.CAN1_RX0_IRQHandler) refers to driver_can.o(i.CAN1_Process) for CAN1_Process
    stm32f4xx_it.o(i.CAN1_RX0_IRQHandler) refers to os_core.o(i.OSIntExit) for OSIntExit
    stm32f4xx_it.o(i.CAN1_RX0_IRQHandler) refers to os_var.o(.data) for OSIntNestingCtr
    stm32f4xx_it.o(i.CAN1_TX_IRQHandler) refers to cpu_a.o(.text) for CPU_SR_Save
    stm32f4xx_it.o(i.CAN1_TX_IRQHandler) refers to stm32f4xx_can.o(i.CAN_ClearITPendingBit) for CAN_ClearITPendingBit
    stm32f4xx_it.o(i.CAN1_TX_IRQHandler) refers to os_core.o(i.OSIntExit) for OSIntExit
    stm32f4xx_it.o(i.CAN1_TX_IRQHandler) refers to os_var.o(.data) for OSIntNestingCtr
    stm32f4xx_it.o(i.CAN1_TX_IRQHandler) refers to stm32f4xx_it.o(.data) for suc
    stm32f4xx_it.o(i.CAN2_RX0_IRQHandler) refers to cpu_a.o(.text) for CPU_SR_Save
    stm32f4xx_it.o(i.CAN2_RX0_IRQHandler) refers to stm32f4xx_can.o(i.CAN_ClearITPendingBit) for CAN_ClearITPendingBit
    stm32f4xx_it.o(i.CAN2_RX0_IRQHandler) refers to stm32f4xx_can.o(i.CAN_Receive) for CAN_Receive
    stm32f4xx_it.o(i.CAN2_RX0_IRQHandler) refers to driver_can.o(i.CAN2_Process) for CAN2_Process
    stm32f4xx_it.o(i.CAN2_RX0_IRQHandler) refers to os_core.o(i.OSIntExit) for OSIntExit
    stm32f4xx_it.o(i.CAN2_RX0_IRQHandler) refers to os_var.o(.data) for OSIntNestingCtr
    stm32f4xx_it.o(i.CAN2_TX_IRQHandler) refers to cpu_a.o(.text) for CPU_SR_Save
    stm32f4xx_it.o(i.CAN2_TX_IRQHandler) refers to stm32f4xx_can.o(i.CAN_ClearITPendingBit) for CAN_ClearITPendingBit
    stm32f4xx_it.o(i.CAN2_TX_IRQHandler) refers to os_core.o(i.OSIntExit) for OSIntExit
    stm32f4xx_it.o(i.CAN2_TX_IRQHandler) refers to os_var.o(.data) for OSIntNestingCtr
    stm32f4xx_it.o(i.CAN2_TX_IRQHandler) refers to stm32f4xx_it.o(.data) for suc
    stm32f4xx_it.o(i.EXTI4_IRQHandler) refers to cpu_a.o(.text) for CPU_SR_Save
    stm32f4xx_it.o(i.EXTI4_IRQHandler) refers to os_sem.o(i.OSSemPost) for OSSemPost
    stm32f4xx_it.o(i.EXTI4_IRQHandler) refers to os_core.o(i.OSIntExit) for OSIntExit
    stm32f4xx_it.o(i.EXTI4_IRQHandler) refers to os_var.o(.data) for OSIntNestingCtr
    stm32f4xx_it.o(i.EXTI4_IRQHandler) refers to task_sysinit.o(.bss) for GyroDRY_Sem
    stm32f4xx_it.o(i.SysTick_Handler) refers to os_core.o(i.OSIntEnter) for OSIntEnter
    stm32f4xx_it.o(i.SysTick_Handler) refers to os_time.o(i.OSTimeTick) for OSTimeTick
    stm32f4xx_it.o(i.SysTick_Handler) refers to os_core.o(i.OSIntExit) for OSIntExit
    stm32f4xx_it.o(i.USART1_IRQHandler) refers to cpu_a.o(.text) for CPU_SR_Save
    stm32f4xx_it.o(i.USART1_IRQHandler) refers to stm32f4xx_dma.o(i.DMA_Cmd) for DMA_Cmd
    stm32f4xx_it.o(i.USART1_IRQHandler) refers to driver_remoter.o(i.DBUS_Decode) for DBUS_Decode
    stm32f4xx_it.o(i.USART1_IRQHandler) refers to stm32f4xx_dma.o(i.DMA_ClearFlag) for DMA_ClearFlag
    stm32f4xx_it.o(i.USART1_IRQHandler) refers to stm32f4xx_dma.o(i.DMA_GetCmdStatus) for DMA_GetCmdStatus
    stm32f4xx_it.o(i.USART1_IRQHandler) refers to stm32f4xx_dma.o(i.DMA_SetCurrDataCounter) for DMA_SetCurrDataCounter
    stm32f4xx_it.o(i.USART1_IRQHandler) refers to os_core.o(i.OSIntExit) for OSIntExit
    stm32f4xx_it.o(i.USART1_IRQHandler) refers to os_var.o(.data) for OSIntNestingCtr
    driver_iic.o(i.IIC_Ack) refers to stm32f4xx_gpio.o(i.GPIO_ResetBits) for GPIO_ResetBits
    driver_iic.o(i.IIC_Ack) refers to driver_iic.o(i.IIC_Delay) for IIC_Delay
    driver_iic.o(i.IIC_Ack) refers to stm32f4xx_gpio.o(i.GPIO_SetBits) for GPIO_SetBits
    driver_iic.o(i.IIC_NAck) refers to stm32f4xx_gpio.o(i.GPIO_ResetBits) for GPIO_ResetBits
    driver_iic.o(i.IIC_NAck) refers to stm32f4xx_gpio.o(i.GPIO_SetBits) for GPIO_SetBits
    driver_iic.o(i.IIC_NAck) refers to driver_iic.o(i.IIC_Delay) for IIC_Delay
    driver_iic.o(i.IIC_ReadData) refers to driver_iic.o(i.IIC_Start) for IIC_Start
    driver_iic.o(i.IIC_ReadData) refers to driver_iic.o(i.IIC_Send_Byte) for IIC_Send_Byte
    driver_iic.o(i.IIC_ReadData) refers to driver_iic.o(i.IIC_Wait_Ack) for IIC_Wait_Ack
    driver_iic.o(i.IIC_ReadData) refers to driver_iic.o(i.IIC_Read_Byte) for IIC_Read_Byte
[...]
    BSP_ALL_Init                             0x080006c7   Thumb Code    24  bsp_all.o(i.BSP_ALL_Init)
    BSP_CAN_InitConfig                       0x080006e1   Thumb Code   412  bsp_can.o(i.BSP_CAN_InitConfig)
    BSP_CPU_ClkFreq                          0x0800088d   Thumb Code    14  bsp.o(i.BSP_CPU_ClkFreq)
    BSP_EXTI_InitConfig                      0x0800089b   Thumb Code    76  bsp_exti.o(i.BSP_EXTI_InitConfig)
    BSP_IIC_InitConfig                       0x080008e9   Thumb Code   262  bsp_iic.o(i.BSP_IIC_InitConfig)
    BSP_NVIC_InitConfig                      0x08000a01   Thumb Code    12  bsp_nvic.o(i.BSP_NVIC_InitConfig)
    BSP_UART_InitConfig                      0x08000a0d   Thumb Code   690  bsp_uart.o(i.BSP_UART_InitConfig)
    BusFault_Handler                         0x08000ce5   Thumb Code     4  stm32f4xx_it.o(i.BusFault_Handler)
    CAN1_Process                             0x08000ce9   Thumb Code    60  driver_can.o(i.CAN1_Process)
    CAN1_RX0_IRQHandler                      0x08000d29   Thumb Code    82  stm32f4xx_it.o(i.CAN1_RX0_IRQHandler)
    CAN1_TX_IRQHandler                       0x08000d85   Thumb Code    62  stm32f4xx_it.o(i.CAN1_TX_IRQHandler)
    CAN2_Process                             0x08000dd1   Thumb Code     2  driver_can.o(i.CAN2_Process)
    CAN2_RX0_IRQHandler                      0x08000dd5   Thumb Code    82  stm32f4xx_it.o(i.CAN2_RX0_IRQHandler)
    CAN2_TX_IRQHandler                       0x08000e31   Thumb Code    62  stm32f4xx_it.o(i.CAN2_TX_IRQHandler)
    CAN_ClearITPendingBit                    0x08000e7d   Thumb Code   162  stm32f4xx_can.o(i.CAN_ClearITPendingBit)
    CAN_DeInit                               0x08000f25   Thumb Code    50  stm32f4xx_can.o(i.CAN_DeInit)
    CAN_FilterInit                           0x08000f5d   Thumb Code   258  stm32f4xx_can.o(i.CAN_FilterInit)
    CAN_ITConfig                             0x08001065   Thumb Code    18  stm32f4xx_can.o(i.CAN_ITConfig)
    CAN_Init                                 0x08001077   Thumb Code   276  stm32f4xx_can.o(i.CAN_Init)
    CAN_Receive                              0x0800118b   Thumb Code   240  stm32f4xx_can.o(i.CAN_Receive)
    CAN_StructInit                           0x0800127b   Thumb Code    32  stm32f4xx_can.o(i.CAN_StructInit)
    CPU_Init                                 0x0800129b   Thumb Code    12  cpu_core.o(i.CPU_Init)
    CPU_NameClr                              0x080012a9   Thumb Code    42  cpu_core.o(i.CPU_NameClr)
    CPU_TS_TmrFreqSet                        0x080012f5   Thumb Code     6  cpu_core.o(i.CPU_TS_TmrFreqSet)
    CPU_TS_TmrInit                           0x08001301   Thumb Code    44  bsp.o(i.CPU_TS_TmrInit)
    CPU_TS_TmrRd                             0x08001335   Thumb Code     6  bsp.o(i.CPU_TS_TmrRd)
    ControlSelect                            0x08001341   Thumb Code    50  driver_control.o(i.ControlSelect)
    DBUS_Decode                              0x08001379   Thumb Code  1312  driver_remoter.o(i.DBUS_Decode)
    DBUS_Init                                0x080018c9   Thumb Code    64  driver_remoter.o(i.DBUS_Init)
    DMA_ClearFlag                            0x0800190d   Thumb Code    38  stm32f4xx_dma.o(i.DMA_ClearFlag)
    DMA_Cmd                                  0x08001941   Thumb Code    22  stm32f4xx_dma.o(i.DMA_Cmd)
    DMA_DeInit                               0x08001959   Thumb Code   324  stm32f4xx_dma.o(i.DMA_DeInit)
    DMA_GetCmdStatus                         0x08001ab1   Thumb Code    20  stm32f4xx_dma.o(i.DMA_GetCmdStatus)
    DMA_Init                                 0x08001ac5   Thumb Code    82  stm32f4xx_dma.o(i.DMA_Init)
    DMA_SetCurrDataCounter                   0x08001b1d   Thumb Code     4  stm32f4xx_dma.o(i.DMA_SetCurrDataCounter)
    DebugMon_Handler                         0x08001b21   Thumb Code     2  stm32f4xx_it.o(i.DebugMon_Handler)
    EXTI4_IRQHandler                         0x08001b25   Thumb Code    66  stm32f4xx_it.o(i.EXTI4_IRQHandler)
    EXTI_Init                                0x08001b75   Thumb Code   142  stm32f4xx_exti.o(i.EXTI_Init)
    GPIO_Init                                0x08001c09   Thumb Code   144  stm32f4xx_gpio.o(i.GPIO_Init)
    GPIO_PinAFConfig                         0x08001c99   Thumb Code    70  stm32f4xx_gpio.o(i.GPIO_PinAFConfig)
    GPIO_ReadInputDataBit                    0x08001cdf   Thumb Code    18  stm32f4xx_gpio.o(i.GPIO_ReadInputDataBit)
    GPIO_ResetBits                           0x08001cf1   Thumb Code     4  stm32f4xx_gpio.o(i.GPIO_ResetBits)
    GPIO_SetBits                             0x08001cf5   Thumb Code     4  stm32f4xx_gpio.o(i.GPIO_SetBits)
    GetControlMode                           0x08001cf9   Thumb Code    12  driver_control.o(i.GetControlMode)
    Get_9Motion_Data                         0x08001d09   Thumb Code   110  driver_mpu6050.o(i.Get_9Motion_Data)
    Get_HML5883L_Data                        0x08001d7d   Thumb Code    78  driver_mpu6050.o(i.Get_HML5883L_Data)
    Get_MPU6050_Data                         0x08001dcb   Thumb Code   144  driver_mpu6050.o(i.Get_MPU6050_Data)
    Gyro_Cali                                0x08001e5d   Thumb Code   142  driver_mpu6050.o(i.Gyro_Cali)
    HardFault_Handler                        0x08001ef5   Thumb Code     4  stm32f4xx_it.o(i.HardFault_Handler)
    IIC_Ack                                  0x08001ef9   Thumb Code    76  driver_iic.o(i.IIC_Ack)
    IIC_Delay                                0x08001f49   Thumb Code    12  driver_iic.o(i.IIC_Delay)
    IIC_NAck                                 0x08001f55   Thumb Code    76  driver_iic.o(i.IIC_NAck)
    IIC_ReadData                             0x08001fa5   Thumb Code   114  driver_iic.o(i.IIC_ReadData)
    IIC_Read_Byte                            0x08002019   Thumb Code   104  driver_iic.o(i.IIC_Read_Byte)
    IIC_Send_Byte                            0x08002085   Thumb Code   116  driver_iic.o(i.IIC_Send_Byte)
    IIC_Start                                0x080020fd   Thumb Code    76  driver_iic.o(i.IIC_Start)
    IIC_Stop                                 0x0800214d   Thumb Code    76  driver_iic.o(i.IIC_Stop)
    IIC_Wait_Ack                             0x0800219d   Thumb Code    98  driver_iic.o(i.IIC_Wait_Ack)
    IIC_WriteData                            0x08002205   Thumb Code    68  driver_iic.o(i.IIC_WriteData)
    IMU_GetPitchRoll                         0x08002249   Thumb Code   248  driver_mpu6050.o(i.IMU_GetPitchRoll)
    IMU_GetPitchRollYaw                      0x08002351   Thumb Code   144  driver_mpu6050.o(i.IMU_GetPitchRollYaw)
    KM_Process                               0x080023e5   Thumb Code     2  driver_control.o(i.KM_Process)
    Limit_Input                              0x080023e7   Thumb Code    74  driver_remoter.o(i.Limit_Input)
    MPU6050_Init                             0x08002431   Thumb Code   234  driver_mpu6050.o(i.MPU6050_Init)
    Mag_Calc                                 0x08002531   Thumb Code    52  driver_mpu6050.o(i.Mag_Calc)
    MemManage_Handler                        0x0800256d   Thumb Code     4  stm32f4xx_it.o(i.MemManage_Handler)
    Mem_Clr                                  0x08002571   Thumb Code    18  lib_mem.o(i.Mem_Clr)
    Mem_Set                                  0x08002583   Thumb Code    84  lib_mem.o(i.Mem_Set)
    NMI_Handler                              0x080025d7   Thumb Code     2  stm32f4xx_it.o(i.NMI_Handler)
    NVIC_Init                                0x080025d9   Thumb Code   106  misc.o(i.NVIC_Init)
    NVIC_PriorityGroupConfig                 0x08002651   Thumb Code    10  misc.o(i.NVIC_PriorityGroupConfig)
    OSCfg_Init                               0x08002665   Thumb Code     2  os_cfg_app.o(i.OSCfg_Init)
    OSIdleTaskHook                           0x08002669   Thumb Code    16  os_cpu_c.o(i.OSIdleTaskHook)
    OSInit                                   0x0800267d   Thumb Code   270  os_core.o(i.OSInit)
    OSInitHook                               0x080027e1   Thumb Code    28  os_cpu_c.o(i.OSInitHook)
    OSIntEnter                               0x08002809   Thumb Code    34  os_core.o(i.OSIntEnter)
    OSIntExit                                0x08002835   Thumb Code   188  os_core.o(i.OSIntExit)
    OSMutexCreate                            0x08002911   Thumb Code   122  os_mutex.o(i.OSMutexCreate)
    OSMutexPend                              0x08002999   Thumb Code   574  os_mutex.o(i.OSMutexPend)
    OSMutexPost                              0x08002be9   Thumb Code   354  os_mutex.o(i.OSMutexPost)
    OSQCreate                                0x08002d5d   Thumb Code   130  os_q.o(i.OSQCreate)
    OSSched                                  0x08002ded   Thumb Code   130  os_core.o(i.OSSched)
    OSSchedLock                              0x08002e8d   Thumb Code   104  os_core.o(i.OSSchedLock)
    OSSchedUnlock                            0x08002f01   Thumb Code   136  os_core.o(i.OSSchedUnlock)
    OSSemPend                                0x08002f95   Thumb Code   406  os_sem.o(i.OSSemPend)
    OSSemPost                                0x0800313d   Thumb Code   108  os_sem.o(i.OSSemPost)
    OSSemSet                                 0x080031ad   Thumb Code   120  os_sem.o(i.OSSemSet)
    OSStart                                  0x0800322d   Thumb Code    78  os_core.o(i.OSStart)
    OSStatReset                              0x08003295   Thumb Code   262  os_stat.o(i.OSStatReset)
    OSStatTaskCPUUsageInit                   0x080033bd   Thumb Code   212  os_stat.o(i.OSStatTaskCPUUsageInit)
    OSStatTaskHook                           0x080034ad   Thumb Code    16  os_cpu_c.o(i.OSStatTaskHook)
    OSTaskCreate                             0x080034c1   Thumb Code   392  os_task.o(i.OSTaskCreate)
    OSTaskCreateHook                         0x0800365d   Thumb Code    20  os_cpu_c.o(i.OSTaskCreateHook)
    OSTaskDel                                0x08003675   Thumb Code   278  os_task.o(i.OSTaskDel)
    OSTaskDelHook                            0x0800379d   Thumb Code    20  os_cpu_c.o(i.OSTaskDelHook)
    OSTaskResume                             0x080037b5   Thumb Code    96  os_task.o(i.OSTaskResume)
    OSTaskReturnHook                         0x0800381d   Thumb Code    20  os_cpu_c.o(i.OSTaskReturnHook)
    OSTaskSemPend                            0x08003835   Thumb Code   464  os_task.o(i.OSTaskSemPend)
    OSTaskSemPost                            0x08003a11   Thumb Code    62  os_task.o(i.OSTaskSemPost)
    OSTaskStkChk                             0x08003a51   Thumb Code   204  os_task.o(i.OSTaskStkChk)
    OSTaskStkInit                            0x08003b25   Thumb Code   600  os_cpu_c.o(i.OSTaskStkInit)
    OSTaskSuspend                            0x08003d81   Thumb Code    48  os_task.o(i.OSTaskSuspend)
    OSTaskSwHook                             0x08003db9   Thumb Code   120  os_cpu_c.o(i.OSTaskSwHook)
    OSTimeDly                                0x08003e41   Thumb Code   172  os_time.o(i.OSTimeDly)
    OSTimeGet                                0x08003ef9   Thumb Code    46  os_time.o(i.OSTimeGet)
    OSTimeTick                               0x08003f2d   Thumb Code    50  os_time.o(i.OSTimeTick)
    OSTimeTickHook                           0x08003f71   Thumb Code    16  os_cpu_c.o(i.OSTimeTickHook)
    OS_CPU_SysTickInit                       0x08003f85   Thumb Code    44  os_cpu_c.o(i.OS_CPU_SysTickInit)
    OS_Dbg_Init                              0x08003fb5   Thumb Code   146  os_dbg.o(i.OS_Dbg_Init)
    OS_FlagInit                              0x0800415d   Thumb Code    14  os_flag.o(i.OS_FlagInit)
    OS_IdleTask                              0x08004175   Thumb Code    58  os_core.o(i.OS_IdleTask)
    OS_IdleTaskInit                          0x080041b9   Thumb Code    66  os_core.o(i.OS_IdleTaskInit)
    OS_MemInit                               0x08004229   Thumb Code    14  os_mem.o(i.OS_MemInit)
    OS_MsgPoolInit                           0x08004241   Thumb Code   110  os_msg.o(i.OS_MsgPoolInit)
    OS_MsgQFreeAll                           0x080042bd   Thumb Code    62  os_msg.o(i.OS_MsgQFreeAll)
    OS_MsgQInit                              0x08004301   Thumb Code    14  os_msg.o(i.OS_MsgQInit)
    OS_MutexDbgListAdd                       0x08004311   Thumb Code    38  os_mutex.o(i.OS_MutexDbgListAdd)
    OS_MutexInit                             0x08004341   Thumb Code    14  os_mutex.o(i.OS_MutexInit)
    OS_Pend                                  0x08004359   Thumb Code    98  os_core.o(i.OS_Pend)
    OS_PendDataInit                          0x080043c1   Thumb Code    38  os_core.o(i.OS_PendDataInit)
    OS_PendDbgNameAdd                        0x080043e9   Thumb Code    66  os_core.o(i.OS_PendDbgNameAdd)
    OS_PendDbgNameRemove                     0x08004445   Thumb Code    30  os_core.o(i.OS_PendDbgNameRemove)
    OS_PendListChangePrio                    0x08004469   Thumb Code    70  os_core.o(i.OS_PendListChangePrio)
    OS_PendListInit                          0x080044af   Thumb Code    10  os_core.o(i.OS_PendListInit)
    OS_PendListInsertPrio                    0x080044b9   Thumb Code   102  os_core.o(i.OS_PendListInsertPrio)
    OS_PendListRemove                        0x0800451f   Thumb Code    48  os_core.o(i.OS_PendListRemove)
    OS_PendListRemove1                       0x0800454f   Thumb Code    66  os_core.o(i.OS_PendListRemove1)
    OS_Post                                  0x08004591   Thumb Code   214  os_core.o(i.OS_Post)
    OS_Post1                                 0x08004667   Thumb Code    42  os_core.o(i.OS_Post1)
    OS_PrioGetHighest                        0x08004691   Thumb Code    36  os_prio.o(i.OS_PrioGetHighest)
    OS_PrioInit                              0x080046b9   Thumb Code    20  os_prio.o(i.OS_PrioInit)
    OS_PrioInsert                            0x080046d1   Thumb Code    32  os_prio.o(i.OS_PrioInsert)
    OS_PrioRemove                            0x080046f5   Thumb Code    32  os_prio.o(i.OS_PrioRemove)
    OS_QDbgListAdd                           0x08004719   Thumb Code    38  os_q.o(i.OS_QDbgListAdd)
    OS_QInit                                 0x08004749   Thumb Code    14  os_q.o(i.OS_QInit)
    OS_RdyListInit                           0x08004761   Thumb Code    32  os_core.o(i.OS_RdyListInit)
    OS_RdyListInsert                         0x08004785   Thumb Code    40  os_core.o(i.OS_RdyListInsert)
    OS_RdyListInsertHead                     0x080047b1   Thumb Code    58  os_core.o(i.OS_RdyListInsertHead)
    OS_RdyListInsertTail                     0x080047f1   Thumb Code    56  os_core.o(i.OS_RdyListInsertTail)
    OS_RdyListRemove                         0x0800482d   Thumb Code    86  os_core.o(i.OS_RdyListRemove)
    OS_SchedLockTimeMeasStart                0x08004889   Thumb Code    20  os_core.o(i.OS_SchedLockTimeMeasStart)
    OS_SchedLockTimeMeasStop                 0x080048a5   Thumb Code    44  os_core.o(i.OS_SchedLockTimeMeasStop)
    OS_SemInit                               0x080048e1   Thumb Code    14  os_sem.o(i.OS_SemInit)
    OS_SemPost                               0x080048f9   Thumb Code   294  os_sem.o(i.OS_SemPost)
    OS_StatTask                              0x08004a21   Thumb Code   684  os_stat.o(i.OS_StatTask)
    OS_StatTaskInit                          0x08004d09   Thumb Code   136  os_stat.o(i.OS_StatTaskInit)
    OS_TaskBlock                             0x08004dd5   Thumb Code    40  os_core.o(i.OS_TaskBlock)
    OS_TaskDbgListAdd                        0x08004e01   Thumb Code    42  os_task.o(i.OS_TaskDbgListAdd)
    OS_TaskDbgListRemove                     0x08004e31   Thumb Code    64  os_task.o(i.OS_TaskDbgListRemove)
    OS_TaskInit                              0x08004e75   Thumb Code    18  os_task.o(i.OS_TaskInit)
    OS_TaskInitTCB                           0x08004e95   Thumb Code   166  os_task.o(i.OS_TaskInitTCB)
    OS_TaskResume                            0x08004f49   Thumb Code   256  os_task.o(i.OS_TaskResume)
    OS_TaskReturn                            0x08005049   Thumb Code    20  os_task.o(i.OS_TaskReturn)
    OS_TaskSemPost                           0x08005061   Thumb Code   448  os_task.o(i.OS_TaskSemPost)
    OS_TaskSuspend                           0x08005225   Thumb Code   272  os_task.o(i.OS_TaskSuspend)
    OS_TickListInsert                        0x0800533d   Thumb Code   134  os_tick.o(i.OS_TickListInsert)
    OS_TickListInsertDly                     0x080053c5   Thumb Code   180  os_tick.o(i.OS_TickListInsertDly)
    OS_TickListRemove                        0x08005481   Thumb Code    88  os_tick.o(i.OS_TickListRemove)
    OS_TickListResetPeak                     0x080054d9   Thumb Code     2  os_tick.o(i.OS_TickListResetPeak)
    OS_TickTask                              0x08005649   Thumb Code    98  os_tick.o(i.OS_TickTask)
    OS_TickTaskInit                          0x080056b9   Thumb Code   140  os_tick.o(i.OS_TickTaskInit)
    OS_TmrInit                               0x08005781   Thumb Code   200  os_tmr.o(i.OS_TmrInit)
    OS_TmrResetPeak                          0x080058cd   Thumb Code     2  os_tmr.o(i.OS_TmrResetPeak)
    OS_TmrTask                               0x080058d1   Thumb Code   134  os_tmr.o(i.OS_TmrTask)
    OS_TmrUnlink                             0x08005965   Thumb Code    58  os_tmr.o(i.OS_TmrUnlink)
    PIDStruct_Init                           0x080059bd   Thumb Code    90  driver_pid.o(i.PIDStruct_Init)
    PID_Param_Init                           0x08005a1d   Thumb Code    22  driver_pid.o(i.PID_Param_Init)
    Presskey_Judge                           0x08005a33   Thumb Code    24  driver_remoter.o(i.Presskey_Judge)
    RCC_AHB1PeriphClockCmd                   0x08005a4d   Thumb Code    26  stm32f4xx_rcc.o(i.RCC_AHB1PeriphClockCmd)
    RCC_APB1PeriphClockCmd                   0x08005a6d   Thumb Code    26  stm32f4xx_rcc.o(i.RCC_APB1PeriphClockCmd)
    RCC_APB1PeriphResetCmd                   0x08005a8d   Thumb Code    26  stm32f4xx_rcc.o(i.RCC_APB1PeriphResetCmd)
    RCC_APB2PeriphClockCmd                   0x08005aad   Thumb Code    26  stm32f4xx_rcc.o(i.RCC_APB2PeriphClockCmd)
    RCC_GetClocksFreq                        0x08005acd   Thumb Code   214  stm32f4xx_rcc.o(i.RCC_GetClocksFreq)
    RM_Process                               0x08005bb5   Thumb Code     2  driver_control.o(i.RM_Process)
    Rad2Degree                               0x08005bb9   Thumb Code    14  driver_mpu6050.o(i.Rad2Degree)
    ST_Process                               0x08005bcd   Thumb Code     2  driver_control.o(i.ST_Process)
    SVC_Handler                              0x08005bcf   Thumb Code     2  stm32f4xx_it.o(i.SVC_Handler)
    SYSCFG_EXTILineConfig                    0x08005bd1   Thumb Code    60  stm32f4xx_syscfg.o(i.SYSCFG_EXTILineConfig)
    SysModule_Init                           0x08005cfd   Thumb Code    32  task_sysinit.o(i.SysModule_Init)
    SysTick_Handler                          0x08005d21   Thumb Code    16  stm32f4xx_it.o(i.SysTick_Handler)
    SystemInit                               0x08005d31   Thumb Code    88  system_stm32f4xx.o(i.SystemInit)
    TIM_ARRPreloadConfig                     0x08005d99   Thumb Code    24  stm32f4xx_tim.o(i.TIM_ARRPreloadConfig)
    TIM_Cmd                                  0x08005db1   Thumb Code    24  stm32f4xx_tim.o(i.TIM_Cmd)
    TIM_CtrlPWMOutputs                       0x08005dc9   Thumb Code    30  stm32f4xx_tim.o(i.TIM_CtrlPWMOutputs)
    TIM_OC1Init                              0x08005de9   Thumb Code   114  stm32f4xx_tim.o(i.TIM_OC1Init)
    TIM_TimeBaseInit                         0x08005e65   Thumb Code   104  stm32f4xx_tim.o(i.TIM_TimeBaseInit)
    Task_Control                             0x08005ee9   Thumb Code    54  task_control.o(i.Task_Control)
    Task_DebugMsg                            0x08005f21   Thumb Code    22  task_debugmsg.o(i.Task_DebugMsg)
    Task_IMU                                 0x08005f45   Thumb Code   354  task_mpucalc.o(i.Task_IMU)
    Task_SysInit                             0x080060c1   Thumb Code   250  task_sysinit.o(i.Task_SysInit)
    USART1_IRQHandler                        0x08006221   Thumb Code   114  stm32f4xx_it.o(i.USART1_IRQHandler)
    USART_ClearFlag                          0x080062a5   Thumb Code    18  stm32f4xx_usart.o(i.USART_ClearFlag)
    USART_Cmd                                0x080062b7   Thumb Code    24  stm32f4xx_usart.o(i.USART_Cmd)
    USART_DMACmd                             0x080062cf   Thumb Code    18  stm32f4xx_usart.o(i.USART_DMACmd)
    USART_ITConfig                           0x080062e1   Thumb Code    74  stm32f4xx_usart.o(i.USART_ITConfig)
    USART_Init                               0x0800632d   Thumb Code   204  stm32f4xx_usart.o(i.USART_Init)
    UpdateQ                                  0x08006401   Thumb Code   908  driver_mpu6050.o(i.UpdateQ)
    UsageFault_Handler                       0x080067b9   Thumb Code     4  stm32f4xx_it.o(i.UsageFault_Handler)
    __ARM_fpclassify                         0x080067bd   Thumb Code    48  fpclassify.o(i.__ARM_fpclassify)
    __hardfp_asin                            0x080067f1   Thumb Code   770  asin.o(i.__hardfp_asin)
    __hardfp_atan                            0x08006b51   Thumb Code   622  atan.o(i.__hardfp_atan)
    __hardfp_atan2                           0x08006e29   Thumb Code   432  atan2.o(i.__hardfp_atan2)
    __hardfp_fabs                            0x08007019   Thumb Code    20  fabs.o(i.__hardfp_fabs)
    __kernel_poly                            0x0800702d   Thumb Code   248  poly.o(i.__kernel_poly)
    __mathlib_dbl_infnan                     0x08007125   Thumb Code    20  dunder.o(i.__mathlib_dbl_infnan)
    __mathlib_dbl_infnan2                    0x08007139   Thumb Code    20  dunder.o(i.__mathlib_dbl_infnan2)
    __mathlib_dbl_invalid                    0x08007151   Thumb Code    24  dunder.o(i.__mathlib_dbl_invalid)
    __mathlib_dbl_underflow                  0x08007171   Thumb Code    24  dunder.o(i.__mathlib_dbl_underflow)
    _sys_exit                                0x08007191   Thumb Code     4  driver_usart.o(i._sys_exit)
    atan                                     0x08007195   Thumb Code    16  atan.o(i.atan)
    fabs                                     0x080071a5   Thumb Code    24  fabs.o(i.fabs)
    fputc                                    0x080071bd   Thumb Code    24  driver_usart.o(i.fputc)
    main                                     0x08007245   Thumb Code    64  main.o(i.main)
    sqrt                                     0x080072a1   Thumb Code   110  sqrt.o(i.sqrt)
    __aeabi_dneg                             0x0800730f   Thumb Code     0  basic.o(x$fpl$basic)
    _dneg                                    0x0800730f   Thumb Code     6  basic.o(x$fpl$basic)
    __aeabi_fneg                             0x08007315   Thumb Code     0  basic.o(x$fpl$basic)
    _fneg                                    0x08007315   Thumb Code     6  basic.o(x$fpl$basic)
    _dabs                                    0x0800731b   Thumb Code     6  basic.o(x$fpl$basic)
    _fabs                                    0x08007321   Thumb Code     6  basic.o(x$fpl$basic)
    __aeabi_d2f                              0x08007329   Thumb Code     0  d2f.o(x$fpl$d2f)
    _d2f                                     0x08007329   Thumb Code    98  d2f.o(x$fpl$d2f)
    __aeabi_dadd                             0x0800738d   Thumb Code     0  daddsub_clz.o(x$fpl$dadd)
    _dadd                                    0x0800738d   Thumb Code   332  daddsub_clz.o(x$fpl$dadd)
    __fpl_dcmp_Inf                           0x080074dd   Thumb Code    24  dcmpi.o(x$fpl$dcmpinf)
    __aeabi_ddiv                             0x080074f5   Thumb Code     0  ddiv.o(x$fpl$ddiv)
    _ddiv                                    0x080074f5   Thumb Code   552  ddiv.o(x$fpl$ddiv)
    __aeabi_cdcmple                          0x080077a5   Thumb Code     0  dleqf.o(x$fpl$dleqf)
    _dcmple                                  0x080077a5   Thumb Code   120  dleqf.o(x$fpl$dleqf)
    __fpl_dcmple_InfNaN                      0x08007807   Thumb Code     0  dleqf.o(x$fpl$dleqf)
    __aeabi_dmul                             0x0800781d   Thumb Code     0  dmul.o(x$fpl$dmul)
    _dmul                                    0x0800781d   Thumb Code   332  dmul.o(x$fpl$dmul)
    __fpl_dnaninf                            0x08007971   Thumb Code   156  dnaninf.o(x$fpl$dnaninf)
    __fpl_dretinf                            0x08007a0d   Thumb Code    12  dretinf.o(x$fpl$dretinf)
    __aeabi_drsub                            0x08007a19   Thumb Code     0  daddsub_clz.o(x$fpl$drsb)
    _drsb                                    0x08007a19   Thumb Code    22  daddsub_clz.o(x$fpl$drsb)
    _dsqrt                                   0x08007a31   Thumb Code   404  dsqrt_umaal.o(x$fpl$dsqrt)
    __aeabi_dsub                             0x08007bc9   Thumb Code     0  daddsub_clz.o(x$fpl$dsub)
    _dsub                                    0x08007bc9   Thumb Code   464  daddsub_clz.o(x$fpl$dsub)
    __aeabi_f2d                              0x08007d9d   Thumb Code     0  f2d.o(x$fpl$f2d)
    _f2d                                     0x08007d9d   Thumb Code    86  f2d.o(x$fpl$f2d)
    __fpl_fnaninf                            0x08007df3   Thumb Code   140  fnaninf.o(x$fpl$fnaninf)
    _fp_init                                 0x08007e7f   Thumb Code    10  fpinit.o(x$fpl$fpinit)
    __fplib_config_fpu_vfp                   0x08007e87   Thumb Code     0  fpinit.o(x$fpl$fpinit)
    __fplib_config_pureend_doubles           0x08007e87   Thumb Code     0  fpinit.o(x$fpl$fpinit)
    __fpl_fretinf                            0x08007e89   Thumb Code    10  fretinf.o(x$fpl$fretinf)
    __I$use$fp                               0x08007e92   Number         0  usenofp.o(x$fpl$usenofp)
    OSCfg_IdleTaskStkBasePtr                 0x08007e94   Data           4  os_cfg_app.o(.constdata)
    OSCfg_IdleTaskStkLimit                   0x08007e98   Data           4  os_cfg_app.o(.constdata)
    OSCfg_IdleTaskStkSize                    0x08007e9c   Data           4  os_cfg_app.o(.constdata)
    OSCfg_IdleTaskStkSizeRAM                 0x08007ea0   Data           4  os_cfg_app.o(.constdata)
    OSCfg_IntQBasePtr                        0x08007ea4   Data           4  os_cfg_app.o(.constdata)
    OSCfg_IntQSize                           0x08007ea8   Data           2  os_cfg_app.o(.constdata)
    OSCfg_IntQSizeRAM                        0x08007eac   Data           4  os_cfg_app.o(.constdata)
    OSCfg_IntQTaskStkBasePtr                 0x08007eb0   Data           4  os_cfg_app.o(.constdata)
    OSCfg_IntQTaskStkLimit                   0x08007eb4   Data           4  os_cfg_app.o(.constdata)
    OSCfg_IntQTaskStkSize                    0x08007eb8   Data           4  os_cfg_app.o(.constdata)
    OSCfg_IntQTaskStkSizeRAM                 0x08007ebc   Data           4  os_cfg_app.o(.constdata)
    OSCfg_ISRStkBasePtr                      0x08007ec0   Data           4  os_cfg_app.o(.constdata)
    OSCfg_ISRStkSize                         0x08007ec4   Data           4  os_cfg_app.o(.constdata)
    OSCfg_ISRStkSizeRAM                      0x08007ec8   Data           4  os_cfg_app.o(.constdata)
    OSCfg_MsgPoolSize                        0x08007ecc   Data           2  os_cfg_app.o(.constdata)
    OSCfg_MsgPoolSizeRAM                     0x08007ed0   Data           4  os_cfg_app.o(.constdata)
    OSCfg_MsgPoolBasePtr                     0x08007ed4   Data           4  os_cfg_app.o(.constdata)
    OSCfg_StatTaskPrio                       0x08007ed8   Data           1  os_cfg_app.o(.constdata)
    OSCfg_StatTaskRate_Hz                    0x08007edc   Data           4  os_cfg_app.o(.constdata)
    OSCfg_StatTaskStkBasePtr                 0x08007ee0   Data           4  os_cfg_app.o(.constdata)
    OSCfg_StatTaskStkLimit                   0x08007ee4   Data           4  os_cfg_app.o(.constdata)
    OSCfg_StatTaskStkSize                    0x08007ee8   Data           4  os_cfg_app.o(.constdata)
    OSCfg_StatTaskStkSizeRAM                 0x08007eec   Data           4  os_cfg_app.o(.constdata)
    OSCfg_StkSizeMin                         0x08007ef0   Data           4  os_cfg_app.o(.constdata)
    OSCfg_TickRate_Hz                        0x08007ef4   Data           4  os_cfg_app.o(.constdata)
    OSCfg_TickTaskPrio                       0x08007ef8   Data           1  os_cfg_app.o(.constdata)
    OSCfg_TickTaskStkBasePtr                 0x08007efc   Data           4  os_cfg_app.o(.constdata)
    OSCfg_TickTaskStkLimit                   0x08007f00   Data           4  os_cfg_app.o(.constdata)
    OSCfg_TickTaskStkSize                    0x08007f04   Data           4  os_cfg_app.o(.constdata)
    OSCfg_TickTaskStkSizeRAM                 0x08007f08   Data           4  os_cfg_app.o(.constdata)
    OSCfg_TmrTaskPrio                        0x08007f0c   Data           1  os_cfg_app.o(.constdata)
    OSCfg_TmrTaskRate_Hz                     0x08007f10   Data           4  os_cfg_app.o(.constdata)
    OSCfg_TmrTaskStkBasePtr                  0x08007f14   Data           4  os_cfg_app.o(.constdata)
    OSCfg_TmrTaskStkLimit                    0x08007f18   Data           4  os_cfg_app.o(.constdata)
    OSCfg_TmrTaskStkSize                     0x08007f1c   Data           4  os_cfg_app.o(.constdata)
    OSCfg_TmrTaskStkSizeRAM                  0x08007f20   Data           4  os_cfg_app.o(.constdata)
    OSCfg_DataSizeRAM                        0x08007f24   Data           4  os_cfg_app.o(.constdata)
    OSDbg_DbgEn                              0x08007f28   Data           1  os_dbg.o(.constdata)
    OSDbg_ArgChkEn                           0x08007f29   Data           1  os_dbg.o(.constdata)
    OSDbg_AppHooksEn                         0x08007f2a   Data           1  os_dbg.o(.constdata)
    OSDbg_EndiannessTest                     0x08007f2c   Data           4  os_dbg.o(.constdata)
    OSDbg_CalledFromISRChkEn                 0x08007f30   Data           1  os_dbg.o(.constdata)
    OSDbg_FlagEn                             0x08007f31   Data           1  os_dbg.o(.constdata)
    OSDbg_FlagGrp                            0x08007f34   Data          40  os_dbg.o(.constdata)
    OSDbg_FlagDelEn                          0x08007f5c   Data           1  os_dbg.o(.constdata)
    OSDbg_FlagModeClrEn                      0x08007f5d   Data           1  os_dbg.o(.constdata)
    OSDbg_FlagPendAbortEn                    0x08007f5e   Data           1  os_dbg.o(.constdata)
    OSDbg_FlagGrpSize                        0x08007f60   Data           2  os_dbg.o(.constdata)
    OSDbg_FlagWidth                          0x08007f62   Data           2  os_dbg.o(.constdata)
    OSDbg_IntQ                               0x08007f64   Data           2  os_dbg.o(.constdata)
    OSDbg_ISRPostDeferredEn                  0x08007f66   Data           1  os_dbg.o(.constdata)
    OSDbg_Mem                                0x08007f68   Data          32  os_dbg.o(.constdata)
    OSDbg_MemEn                              0x08007f88   Data           1  os_dbg.o(.constdata)
    OSDbg_MemSize                            0x08007f8a   Data           2  os_dbg.o(.constdata)
    OSDbg_MsgEn                              0x08007f8c   Data           1  os_dbg.o(.constdata)
    OSDbg_MsgSize                            0x08007f8e   Data           2  os_dbg.o(.constdata)
    OSDbg_MsgPoolSize                        0x08007f90   Data           2  os_dbg.o(.constdata)
    OSDbg_MsgQSize                           0x08007f92   Data           2  os_dbg.o(.constdata)
    OSDbg_Mutex                              0x08007f94   Data          44  os_dbg.o(.constdata)
    OSDbg_MutexEn                            0x08007fc0   Data           1  os_dbg.o(.constdata)
    OSDbg_MutexDelEn                         0x08007fc1   Data           1  os_dbg.o(.constdata)
    OSDbg_MutexPendAbortEn                   0x08007fc2   Data           1  os_dbg.o(.constdata)
    OSDbg_MutexSize                          0x08007fc4   Data           2  os_dbg.o(.constdata)
    OSDbg_ObjTypeChkEn                       0x08007fc6   Data           1  os_dbg.o(.constdata)
    OSDbg_PendMultiEn                        0x08007fc7   Data           1  os_dbg.o(.constdata)
    OSDbg_PendDataSize                       0x08007fc8   Data           2  os_dbg.o(.constdata)
    OSDbg_PendListSize                       0x08007fca   Data           2  os_dbg.o(.constdata)
    OSDbg_PendObjSize                        0x08007fcc   Data           2  os_dbg.o(.constdata)
    OSDbg_PrioMax                            0x08007fce   Data           2  os_dbg.o(.constdata)
    OSDbg_PrioTblSize                        0x08007fd0   Data           2  os_dbg.o(.constdata)
    OSDbg_PtrSize                            0x08007fd2   Data           2  os_dbg.o(.constdata)
    OSDbg_Q                                  0x08007fd4   Data          48  os_dbg.o(.constdata)
    OSDbg_QEn                                0x08008004   Data           1  os_dbg.o(.constdata)
    OSDbg_QDelEn                             0x08008005   Data           1  os_dbg.o(.constdata)
    OSDbg_QFlushEn                           0x08008006   Data           1  os_dbg.o(.constdata)
    OSDbg_QPendAbortEn                       0x08008007   Data           1  os_dbg.o(.constdata)
    OSDbg_QSize                              0x08008008   Data           2  os_dbg.o(.constdata)
    OSDbg_SchedRoundRobinEn                  0x0800800a   Data           1  os_dbg.o(.constdata)
    OSDbg_Sem                                0x0800800c   Data          40  os_dbg.o(.constdata)
    OSDbg_SemEn                              0x08008034   Data           1  os_dbg.o(.constdata)
    OSDbg_SemDelEn                           0x08008035   Data           1  os_dbg.o(.constdata)
    OSDbg_SemPendAbortEn                     0x08008036   Data           1  os_dbg.o(.constdata)
    OSDbg_SemSetEn                           0x08008037   Data           1  os_dbg.o(.constdata)
    OSDbg_SemSize                            0x08008038   Data           2  os_dbg.o(.constdata)
    OSDbg_RdyList                            0x0800803a   Data           2  os_dbg.o(.constdata)
    OSDbg_RdyListSize                        0x0800803c   Data           4  os_dbg.o(.constdata)
    OSDbg_StkWidth                           0x08008040   Data           1  os_dbg.o(.constdata)
    OSDbg_StatTaskEn                         0x08008041   Data           1  os_dbg.o(.constdata)
    OSDbg_StatTaskStkChkEn                   0x08008042   Data           1  os_dbg.o(.constdata)
    OSDbg_TaskChangePrioEn                   0x08008043   Data           1  os_dbg.o(.constdata)
    OSDbg_TaskDelEn                          0x08008044   Data           1  os_dbg.o(.constdata)
    OSDbg_TaskQEn                            0x08008045   Data           1  os_dbg.o(.constdata)
    OSDbg_TaskQPendAbortEn                   0x08008046   Data           1  os_dbg.o(.constdata)
    OSDbg_TaskProfileEn                      0x08008047   Data           1  os_dbg.o(.constdata)
    OSDbg_TaskRegTblSize                     0x08008048   Data           2  os_dbg.o(.constdata)
    OSDbg_TaskSemPendAbortEn                 0x0800804a   Data           1  os_dbg.o(.constdata)
    OSDbg_TaskSuspendEn                      0x0800804b   Data           1  os_dbg.o(.constdata)
    OSDbg_TCBSize                            0x0800804c   Data           2  os_dbg.o(.constdata)
    OSDbg_TickListSize                       0x0800804e   Data           2  os_dbg.o(.constdata)
    OSDbg_TimeDlyHMSMEn                      0x08008050   Data           1  os_dbg.o(.constdata)
    OSDbg_TimeDlyResumeEn                    0x08008051   Data           1  os_dbg.o(.constdata)
    OSDbg_TLS_TblSize                        0x08008052   Data           2  os_dbg.o(.constdata)
    OSDbg_Tmr                                0x08008054   Data          48  os_dbg.o(.constdata)
    OSDbg_TmrEn                              0x08008084   Data           1  os_dbg.o(.constdata)
    OSDbg_TmrDelEn                           0x08008085   Data           1  os_dbg.o(.constdata)
    OSDbg_TmrSize                            0x08008086   Data           2  os_dbg.o(.constdata)
    OSDbg_VersionNbr                         0x08008088   Data           2  os_dbg.o(.constdata)
    OSDbg_DataSize                           0x0800808c   Data           4  os_dbg.o(.constdata)
    __mathlib_zero                           0x08008178   Data           8  qnan.o(.constdata)
    Region$$Table$$Base                      0x08008180   Number         0  anon$$obj.o(Region$$Table)
    Region$$Table$$Limit                     0x080081a0   Number         0  anon$$obj.o(Region$$Table)
    suc                                      0x20000000   Data           1  stm32f4xx_it.o(.data)
    __stdout                                 0x20000004   Data           4  driver_usart.o(.data)
    q0                                       0x20000008   Data           4  driver_mpu6050.o(.data)
    q1                                       0x2000000c   Data           4  driver_mpu6050.o(.data)
    q2                                       0x20000010   Data           4  driver_mpu6050.o(.data)
    q3                                       0x20000014   Data           4  driver_mpu6050.o(.data)
    Remoter_Status                           0x2000002c   Data           1  driver_remoter.o(.data)
    Remoter_Prestatus                        0x2000002d   Data           1  driver_remoter.o(.data)
    Quick_Shift                              0x2000002e   Data           2  driver_remoter.o(.data)
    Quick_Lift                               0x20000030   Data           2  driver_remoter.o(.data)
    Follow_Switch                            0x20000032   Data           1  driver_remoter.o(.data)
    Pitch_Shift                              0x20000034   Data           4  driver_remoter.o(.data)
    Yaw_Shift                                0x20000038   Data           4  driver_remoter.o(.data)
    Xaxes_Shift                              0x2000003c   Data           2  driver_remoter.o(.data)
    Yaxes_Shift                              0x2000003e   Data           2  driver_remoter.o(.data)
    Up                                       0x20000040   Data           1  driver_remoter.o(.data)
    Down                                     0x20000041   Data           1  driver_remoter.o(.data)
    Follow                                   0x20000042   Data           1  driver_remoter.o(.data)
    Rotate                                   0x20000044   Data           2  driver_remoter.o(.data)
    Fricmotor                                0x20000046   Data           1  driver_remoter.o(.data)
    View_Conversion                          0x20000047   Data           1  driver_remoter.o(.data)
    Rview                                    0x20000048   Data           1  driver_remoter.o(.data)
    Lview                                    0x20000049   Data           1  driver_remoter.o(.data)
    Uview                                    0x2000004a   Data           1  driver_remoter.o(.data)
    Dview                                    0x2000004b   Data           1  driver_remoter.o(.data)
    Takebomb_Cmd                             0x2000004c   Data           1  driver_remoter.o(.data)
    Liftup_Cmd                               0x2000004d   Data           1  driver_remoter.o(.data)
    Liftdown_Cmd                             0x2000004e   Data           1  driver_remoter.o(.data)
    Cylinderback_Cmd                         0x2000004f   Data           1  driver_remoter.o(.data)
    LiftReset_Cmd                            0x20000050   Data           1  driver_remoter.o(.data)
    Rotate_Flag                              0x20000051   Data           1  driver_remoter.o(.data)
    Fric_Cmd                                 0x20000052   Data           1  driver_remoter.o(.data)
    Win_Cmd                                  0x20000053   Data           1  driver_remoter.o(.data)
    Shoot                                    0x20000054   Data           1  driver_remoter.o(.data)
    Start                                    0x20000055   Data           1  driver_remoter.o(.data)
    Click                                    0x20000058   Data           4  driver_remoter.o(.data)
    Full_Speed_Back                          0x2000005c   Data           1  driver_remoter.o(.data)
    Full_Speed_Front                         0x2000005d   Data           1  driver_remoter.o(.data)
    Half_Speed                               0x2000005e   Data           1  driver_remoter.o(.data)
    ControlMode                              0x20000066   Data           1  driver_control.o(.data)
    yawinput                                 0x20000068   Data           2  driver_control.o(.data)
    pitchinput                               0x2000006a   Data           2  driver_control.o(.data)
    init_finished                            0x2000006c   Data           1  task_mpucalc.o(.data)
    CPU_TS_TmrFreq_Hz                        0x20000080   Data           4  cpu_core.o(.data)
    OSPrioTbl                                0x20000084   Data           8  os_prio.o(.data)
    OS_AppTaskCreateHookPtr                  0x2000008c   Data           4  os_var.o(.data)
    OS_AppTaskDelHookPtr                     0x20000090   Data           4  os_var.o(.data)
    OS_AppTaskReturnHookPtr                  0x20000094   Data           4  os_var.o(.data)
    OS_AppIdleTaskHookPtr                    0x20000098   Data           4  os_var.o(.data)
    OS_AppStatTaskHookPtr                    0x2000009c   Data           4  os_var.o(.data)
    OS_AppTaskSwHookPtr                      0x200000a0   Data           4  os_var.o(.data)
    OS_AppTimeTickHookPtr                    0x200000a4   Data           4  os_var.o(.data)
    OSIdleTaskCtr                            0x200000a8   Data           4  os_var.o(.data)
    OSIntNestingCtr                          0x200000ac   Data           1  os_var.o(.data)
    OSRunning                                0x200000ad   Data           1  os_var.o(.data)
    OSFlagDbgListPtr                         0x200000b0   Data           4  os_var.o(.data)
    OSFlagQty                                0x200000b4   Data           2  os_var.o(.data)
    OSMemDbgListPtr                          0x200000b8   Data           4  os_var.o(.data)
    OSMemQty                                 0x200000bc   Data           2  os_var.o(.data)
    OSMutexDbgListPtr                        0x200000c0   Data           4  os_var.o(.data)
    OSMutexQty                               0x200000c4   Data           2  os_var.o(.data)
    OSPrioCur                                0x200000c6   Data           1  os_var.o(.data)
    OSPrioHighRdy                            0x200000c7   Data           1  os_var.o(.data)
    OSPrioSaved                              0x200000c8   Data           1  os_var.o(.data)
    OSQDbgListPtr                            0x200000cc   Data           4  os_var.o(.data)
    OSQQty                                   0x200000d0   Data           2  os_var.o(.data)
    OSSchedLockTimeBegin                     0x200000d4   Data           4  os_var.o(.data)
    OSSchedLockTimeMax                       0x200000d8   Data           4  os_var.o(.data)
    OSSchedLockTimeMaxCur                    0x200000dc   Data           4  os_var.o(.data)
    OSSchedLockNestingCtr                    0x200000e0   Data           1  os_var.o(.data)
    OSSemDbgListPtr                          0x200000e4   Data           4  os_var.o(.data)
    OSSemQty                                 0x200000e8   Data           2  os_var.o(.data)
    OSStatResetFlag                          0x200000ea   Data           1  os_var.o(.data)
    OSStatTaskCPUUsage                       0x200000ec   Data           2  os_var.o(.data)
    OSStatTaskCPUUsageMax                    0x200000ee   Data           2  os_var.o(.data)
    OSStatTaskCtr                            0x200000f0   Data           4  os_var.o(.data)
    OSStatTaskCtrMax                         0x200000f4   Data           4  os_var.o(.data)
    OSStatTaskCtrRun                         0x200000f8   Data           4  os_var.o(.data)
    OSStatTaskRdy                            0x200000fc   Data           1  os_var.o(.data)
    OSStatTaskTimeMax                        0x20000100   Data           4  os_var.o(.data)
    OSTaskCtxSwCtr                           0x20000104   Data           4  os_var.o(.data)
    OSTaskDbgListPtr                         0x20000108   Data           4  os_var.o(.data)
    OSTaskQty                                0x2000010c   Data           2  os_var.o(.data)
    OSTaskRegNextAvailID                     0x2000010e   Data           1  os_var.o(.data)
    OSTickCtr                                0x20000110   Data           4  os_var.o(.data)
    OSTickTaskTimeMax                        0x20000114   Data           4  os_var.o(.data)
    OSTickListDly                            0x20000118   Data           8  os_var.o(.data)
    OSTickListTimeout                        0x20000120   Data           8  os_var.o(.data)
    OSTmrDbgListPtr                          0x20000128   Data           4  os_var.o(.data)
    OSTmrListEntries                         0x2000012c   Data           2  os_var.o(.data)
    OSTmrListPtr                             0x20000130   Data           4  os_var.o(.data)
    OSTmrQty                                 0x20000134   Data           2  os_var.o(.data)
    OSTmrTaskTimeMax                         0x20000138   Data           4  os_var.o(.data)
    OSTmrTickCtr                             0x2000013c   Data           4  os_var.o(.data)
    OSTmrUpdateCnt                           0x20000140   Data           4  os_var.o(.data)
    OSTmrUpdateCtr                           0x20000144   Data           4  os_var.o(.data)
    OSTCBCurPtr                              0x20000148   Data           4  os_var.o(.data)
    OSTCBHighRdyPtr                          0x2000014c   Data           4  os_var.o(.data)
    OS_CPU_ExceptStkBase                     0x20000150   Data           4  os_cpu_c.o(.data)
    Task_SysInitTCB                          0x20000154   Data         184  main.o(.bss)
    Task_SysInitStk                          0x2000020c   Data         512  main.o(.bss)
    PID_Pitch_P                              0x2000040c   Data          44  driver_pid.o(.bss)
    PID_Pitch_V                              0x20000438   Data          44  driver_pid.o(.bss)
    PID_Yaw_P                                0x20000464   Data          44  driver_pid.o(.bss)
    PID_Yaw_V                                0x20000490   Data          44  driver_pid.o(.bss)
    CloudAttitude                            0x200004bc   Data          28  driver_mpu6050.o(.bss)
    GyroOffset                               0x200004d8   Data          12  driver_mpu6050.o(.bss)
    MagOffset                                0x200004e4   Data          24  driver_mpu6050.o(.bss)
    Remoter                                  0x200004fc   Data          38  driver_remoter.o(.bss)
    Task_DebugMsgStk                         0x20000524   Data        1024  task_sysinit.o(.bss)
    Task_CANTxStk                            0x20000924   Data        1024  task_sysinit.o(.bss)
    Task_IMUStk                              0x20000d24   Data        1024  task_sysinit.o(.bss)
    Task_ControlStk                          0x20001124   Data        1024  task_sysinit.o(.bss)
    Task_MonitorStk                          0x20001524   Data        1024  task_sysinit.o(.bss)
    TASK_SensorStk                           0x20001924   Data        1024  task_sysinit.o(.bss)
    Task_DebugMsgTCB                         0x20001d24   Data         184  task_sysinit.o(.bss)
    Task_CANTCB                              0x20001ddc   Data         184  task_sysinit.o(.bss)
    Task_IMUTCB                              0x20001e94   Data         184  task_sysinit.o(.bss)
    Task_ControlTCB                          0x20001f4c   Data         184  task_sysinit.o(.bss)
    Task_MonitorTCB                          0x20002004   Data         184  task_sysinit.o(.bss)
    TASK_SensorTCB                           0x200020bc   Data         184  task_sysinit.o(.bss)
    CanMsgQue                                0x20002174   Data          48  task_sysinit.o(.bss)
    GyroDRY_Sem                              0x200021a4   Data          40  task_sysinit.o(.bss)
    DBUS_BUFF                                0x200021cc   Data          18  bsp_uart.o(.bss)
    f                                        0x200021de   Data          13  bsp_uart.o(.bss)
    data_to_send                             0x200021eb   Data          50  bsp_uart.o(.bss)
    CPU_Name                                 0x2000224f   Data          16  cpu_core.o(.bss)
    OSCfg_IdleTaskStk                        0x20002260   Data         512  os_cfg_app.o(.bss)
    OSCfg_ISRStk                             0x20002460   Data         512  os_cfg_app.o(.bss)
    OSCfg_MsgPool                            0x20002660   Data        1600  os_cfg_app.o(.bss)
    OSCfg_StatTaskStk                        0x20002ca0   Data         512  os_cfg_app.o(.bss)
    OSCfg_TickTaskStk                        0x20002ea0   Data         512  os_cfg_app.o(.bss)
    OSCfg_TmrTaskStk                         0x200030a0   Data         512  os_cfg_app.o(.bss)
    OSIdleTaskTCB                            0x200032a0   Data         184  os_var.o(.bss)
    OSMsgPool                                0x20003358   Data          12  os_var.o(.bss)
    OSRdyList                                0x20003364   Data         768  os_var.o(.bss)
    OSStatTaskTCB                            0x20003664   Data         184  os_var.o(.bss)
    OSTickTaskTCB                            0x2000371c   Data         184  os_var.o(.bss)
    OSTmrMutex                               0x200037d4   Data          44  os_var.o(.bss)
    OSTmrTaskTCB                             0x20003800   Data         184  os_var.o(.bss)
    __libspace_start                         0x200038b8   Data          96  libspace.o(.bss)
    __temporary_stack_top$libspace           0x20003918   Data           0  libspace.o(.bss)



==============================================================================

Memory Map of the image

  Image Entry point : 0x08000189

  Load Region LR_IROM1 (Base: 0x08000000, Size: 0x000082f4, Max: 0x00100000, ABSOLUTE, COMPRESSED[0x000081b8])

    Execution Region ER_IROM1 (Base: 0x08000000, Size: 0x000081a0, Max: 0x00100000, ABSOLUTE)

    Base Addr    Size         Type   Attr      Idx    E Section Name        Object

    0x08000000   0x00000188   Data   RO         1289    RESET               startup_stm32f40_41xxx.o
    0x08000188   0x00000008   Code   RO         8102  * !!!main             c_w.l(__main.o)
    0x08000190   0x00000034   Code   RO         8404    !!!scatter          c_w.l(__scatter.o)
    0x080001c4   0x0000005a   Code   RO         8402    !!dczerorl2         c_w.l(__dczerorl2.o)
    0x0800021e   0x00000002   PAD
    0x08000220   0x0000001c   Code   RO         8406    !!handler_zi        c_w.l(__scatter_zi.o)
    0x0800023c   0x00000000   Code   RO         8099    .ARM.Collect$$_printf_percent$$00000000  c_w.l(_printf_percent.o)
    0x0800023c   0x00000006   Code   RO         8098    .ARM.Collect$$_printf_percent$$00000009  c_w.l(_printf_d.o)
    0x08000242   0x00000004   Code   RO         8173    .ARM.Collect$$_printf_percent$$00000017  c_w.l(_printf_percent_end.o)
    0x08000246   0x00000002   Code   RO         8278    .ARM.Collect$$libinit$$00000000  c_w.l(libinit.o)
    0x08000248   0x00000004   Code   RO         8287    .ARM.Collect$$libinit$$00000001  c_w.l(libinit2.o)
    0x0800024c   0x00000000   Code   RO         8290    .ARM.Collect$$libinit$$00000004  c_w.l(libinit2.o)
    0x0800024c   0x00000000   Code   RO         8293    .ARM.Collect$$libinit$$0000000A  c_w.l(libinit2.o)
    0x0800024c   0x00000000   Code   RO         8295    .ARM.Collect$$libinit$$0000000C  c_w.l(libinit2.o)
    0x0800024c   0x00000000   Code   RO         8297    .ARM.Collect$$libinit$$0000000E  c_w.l(libinit2.o)
    0x0800024c   0x00000000   Code   RO         8300    .ARM.Collect$$libinit$$00000011  c_w.l(libinit2.o)
    0x0800024c   0x00000000   Code   RO         8302    .ARM.Collect$$libinit$$00000013  c_w.l(libinit2.o)
    0x0800024c   0x00000000   Code   RO         8304    .ARM.Collect$$libinit$$00000015  c_w.l(libinit2.o)
    0x0800024c   0x00000000   Code   RO         8306    .ARM.Collect$$libinit$$00000017  c_w.l(libinit2.o)
    0x0800024c   0x00000000   Code   RO         8308    .ARM.Collect$$libinit$$00000019  c_w.l(libinit2.o)
    0x0800024c   0x00000000   Code   RO         8310    .ARM.Collect$$libinit$$0000001B  c_w.l(libinit2.o)
    0x0800024c   0x00000000   Code   RO         8312    .ARM.Collect$$libinit$$0000001D  c_w.l(libinit2.o)
    0x0800024c   0x00000000   Code   RO         8314    .ARM.Collect$$libinit$$0000001F  c_w.l(libinit2.o)
    0x0800024c   0x00000000   Code   RO         8316    .ARM.Collect$$libinit$$00000021  c_w.l(libinit2.o)
    0x0800024c   0x00000000   Code   RO         8318    .ARM.Collect$$libinit$$00000023  c_w.l(libinit2.o)
    0x0800024c   0x00000000   Code   RO         8320    .ARM.Collect$$libinit$$00000025  c_w.l(libinit2.o)
    0x0800024c   0x00000000   Code   RO         8324    .ARM.Collect$$libinit$$0000002C  c_w.l(libinit2.o)
    0x0800024c   0x00000000   Code   RO         8326    .ARM.Collect$$libinit$$0000002E  c_w.l(libinit2.o)
    0x0800024c   0x00000000   Code   RO         8328    .ARM.Collect$$libinit$$00000030  c_w.l(libinit2.o)
    0x0800024c   0x00000000   Code   RO         8330    .ARM.Collect$$libinit$$00000032  c_w.l(libinit2.o)
    0x0800024c   0x00000002   Code   RO         8331    .ARM.Collect$$libinit$$00000033  c_w.l(libinit2.o)
    0x0800024e   0x00000002   Code   RO         8357    .ARM.Collect$$libshutdown$$00000000  c_w.l(libshutdown.o)
    0x08000250   0x00000000   Code   RO         8387    .ARM.Collect$$libshutdown$$00000003  c_w.l(libshutdown2.o)
    0x08000250   0x00000000   Code   RO         8390    .ARM.Collect$$libshutdown$$00000006  c_w.l(libshutdown2.o)
    0x08000250   0x00000000   Code   RO         8393    .ARM.Collect$$libshutdown$$00000009  c_w.l(libshutdown2.o)
    0x08000250   0x00000000   Code   RO         8395    .ARM.Collect$$libshutdown$$0000000B  c_w.l(libshutdown2.o)
    0x08000250   0x00000000   Code   RO         8398    .ARM.Collect$$libshutdown$$0000000E  c_w.l(libshutdown2.o)
    0x08000250   0x00000002   Code   RO         8399    .ARM.Collect$$libshutdown$$0000000F  c_w.l(libshutdown2.o)
    0x08000252   0x00000000   Code   RO         8162    .ARM.Collect$$rtentry$$00000000  c_w.l(__rtentry.o)
    0x08000252   0x00000000   Code   RO         8231    .ARM.Collect$$rtentry$$00000002  c_w.l(__rtentry2.o)
    0x08000252   0x00000006   Code   RO         8243    .ARM.Collect$$rtentry$$00000004  c_w.l(__rtentry4.o)
    0x08000258   0x00000000   Code   RO         8233    .ARM.Collect$$rtentry$$00000009  c_w.l(__rtentry2.o)
    0x08000258   0x00000004   Code   RO         8234    .ARM.Collect$$rtentry$$0000000A  c_w.l(__rtentry2.o)
    0x0800025c   0x00000000   Code   RO         8236    .ARM.Collect$$rtentry$$0000000C  c_w.l(__rtentry2.o)
    0x0800025c   0x00000008   Code   RO         8237    .ARM.Collect$$rtentry$$0000000D  c_w.l(__rtentry2.o)
    0x08000264   0x00000002   Code   RO         8279    .ARM.Collect$$rtexit$$00000000  c_w.l(rtexit.o)
    0x08000266   0x00000000   Code   RO         8333    .ARM.Collect$$rtexit$$00000002  c_w.l(rtexit2.o)
    0x08000266   0x00000004   Code   RO         8334    .ARM.Collect$$rtexit$$00000003  c_w.l(rtexit2.o)
    0x0800026a   0x00000006   Code   RO         8335    .ARM.Collect$$rtexit$$00000004  c_w.l(rtexit2.o)
    0x08000270   0x00000040   Code   RO         1290    .text               startup_stm32f40_41xxx.o
    0x080002b0   0x00000034   Code   RO         6455    .text               cpu_a.o
    0x080002e4   0x00000018   Code   RO         8072    .text               c_w.l(noretval__2printf.o)
    0x080002fc   0x00000068   Code   RO         8074    .text               c_w.l(__printf.o)
    0x08000364   0x00000078   Code   RO         8076    .text               c_w.l(_printf_dec.o)
    0x080003dc   0x00000006   Code   RO         8100    .text               c_w.l(heapauxi.o)
    0x080003e2   0x00000016   Code   RO         8167    .text               c_w.l(_rserrno.o)
    0x080003f8   0x000000b2   Code   RO         8169    .text               c_w.l(_printf_intcommon.o)
    0x080004aa   0x00000002   PAD
    0x080004ac   0x00000024   Code   RO         8171    .text               c_w.l(_printf_char_file.o)
    0x080004d0   0x00000008   Code   RO         8250    .text               c_w.l(rt_errno_addr_intlibspace.o)
    0x080004d8   0x00000030   Code   RO         8252    .text               c_w.l(_printf_char_common.o)
    0x08000508   0x00000008   Code   RO         8254    .text               c_w.l(ferror.o)
    0x08000510   0x00000008   Code   RO         8260    .text               c_w.l(libspace.o)
    0x08000518   0x0000004a   Code   RO         8263    .text               c_w.l(sys_stackheap_outer.o)
    0x08000562   0x0000000c   Code   RO         8267    .text               c_w.l(exit.o)
    0x0800056e   0x00000002   PAD
    0x08000570   0x000000ac   Code   RO         7973    CODE                os_cpu_a.o
    0x0800061c   0x000000a8   Code   RO          470    i.ALL_PID_Init      driver_pid.o
    0x080006c4   0x00000002   Code   RO          561    i.ALL_Ramp_Init     driver_ramp.o
    0x080006c6   0x00000018   Code   RO         1062    i.BSP_ALL_Init      bsp_all.o
    0x080006de   0x00000002   PAD
    0x080006e0   0x000001ac   Code   RO         1218    i.BSP_CAN_InitConfig  bsp_can.o
    0x0800088c   0x0000000e   Code   RO         6208    i.BSP_CPU_ClkFreq   bsp.o
    0x0800089a   0x0000004c   Code   RO         1266    i.BSP_EXTI_InitConfig  bsp_exti.o
    0x080008e6   0x00000002   PAD
    0x080008e8   0x00000118   Code   RO         1242    i.BSP_IIC_InitConfig  bsp_iic.o
    0x08000a00   0x0000000c   Code   RO         1086    i.BSP_NVIC_InitConfig  bsp_nvic.o
    0x08000a0c   0x000002d8   Code   RO         1143    i.BSP_UART_InitConfig  bsp_uart.o
    0x08000ce4   0x00000004   Code   RO          278    i.BusFault_Handler  stm32f4xx_it.o
    0x08000ce8   0x00000040   Code   RO          606    i.CAN1_Process      driver_can.o
    0x08000d28   0x0000005c   Code   RO          279    i.CAN1_RX0_IRQHandler  stm32f4xx_it.o
    0x08000d84   0x0000004c   Code   RO          280    i.CAN1_TX_IRQHandler  stm32f4xx_it.o
    0x08000dd0   0x00000002   Code   RO          607    i.CAN2_Process      driver_can.o
    0x08000dd2   0x00000002   PAD
    0x08000dd4   0x0000005c   Code   RO          281    i.CAN2_RX0_IRQHandler  stm32f4xx_it.o
    0x08000e30   0x0000004c   Code   RO          282    i.CAN2_TX_IRQHandler  stm32f4xx_it.o
    0x08000e7c   0x000000a8   Code   RO         1634    i.CAN_ClearITPendingBit  stm32f4xx_can.o
    0x08000f24   0x00000038   Code   RO         1636    i.CAN_DeInit        stm32f4xx_can.o
    0x08000f5c   0x00000108   Code   RO         1638    i.CAN_FilterInit    stm32f4xx_can.o
    0x08001064   0x00000012   Code   RO         1644    i.CAN_ITConfig      stm32f4xx_can.o
    0x08001076   0x00000114   Code   RO         1645    i.CAN_Init          stm32f4xx_can.o
    0x0800118a   0x000000f0   Code   RO         1648    i.CAN_Receive       stm32f4xx_can.o
    0x0800127a   0x00000020   Code   RO         1651    i.CAN_StructInit    stm32f4xx_can.o
    0x0800129a   0x0000000c   Code   RO         6337    i.CPU_Init          cpu_core.o
    0x080012a6   0x00000002   PAD
    0x080012a8   0x00000030   Code   RO         6338    i.CPU_NameClr       cpu_core.o
    0x080012d8   0x00000008   Code   RO         6340    i.CPU_NameInit      cpu_core.o
    0x080012e0   0x00000014   Code   RO         6344    i.CPU_TS_Init       cpu_core.o
    0x080012f4   0x0000000c   Code   RO         6346    i.CPU_TS_TmrFreqSet  cpu_core.o
    0x08001300   0x00000034   Code   RO         6210    i.CPU_TS_TmrInit    bsp.o
    0x08001334   0x0000000c   Code   RO         6211    i.CPU_TS_TmrRd      bsp.o
    0x08001340   0x00000038   Code   RO          854    i.ControlSelect     driver_control.o
    0x08001378   0x00000550   Code   RO          738    i.DBUS_Decode       driver_remoter.o
    0x080018c8   0x00000044   Code   RO          739    i.DBUS_Init         driver_remoter.o
    0x0800190c   0x00000034   Code   RO         2369    i.DMA_ClearFlag     stm32f4xx_dma.o
    0x08001940   0x00000016   Code   RO         2371    i.DMA_Cmd           stm32f4xx_dma.o
    0x08001956   0x00000002   PAD
    0x08001958   0x00000158   Code   RO         2372    i.DMA_DeInit        stm32f4xx_dma.o
    0x08001ab0   0x00000014   Code   RO         2376    i.DMA_GetCmdStatus  stm32f4xx_dma.o
    0x08001ac4   0x00000058   Code   RO         2383    i.DMA_Init          stm32f4xx_dma.o
    0x08001b1c   0x00000004   Code   RO         2386    i.DMA_SetCurrDataCounter  stm32f4xx_dma.o
    0x08001b20   0x00000002   Code   RO          283    i.DebugMon_Handler  stm32f4xx_it.o
    0x08001b22   0x00000002   PAD
    0x08001b24   0x00000050   Code   RO          284    i.EXTI4_IRQHandler  stm32f4xx_it.o
    0x08001b74   0x00000094   Code   RO         2642    i.EXTI_Init         stm32f4xx_exti.o
    0x08001c08   0x00000090   Code   RO         3129    i.GPIO_Init         stm32f4xx_gpio.o
    0x08001c98   0x00000046   Code   RO         3130    i.GPIO_PinAFConfig  stm32f4xx_gpio.o
    0x08001cde   0x00000012   Code   RO         3133    i.GPIO_ReadInputDataBit  stm32f4xx_gpio.o
    0x08001cf0   0x00000004   Code   RO         3136    i.GPIO_ResetBits    stm32f4xx_gpio.o
    0x08001cf4   0x00000004   Code   RO         3137    i.GPIO_SetBits      stm32f4xx_gpio.o
    0x08001cf8   0x00000010   Code   RO          855    i.GetControlMode    driver_control.o
    0x08001d08   0x00000074   Code   RO          644    i.Get_9Motion_Data  driver_mpu6050.o
    0x08001d7c   0x0000004e   Code   RO          645    i.Get_HML5883L_Data  driver_mpu6050.o
    0x08001dca   0x00000090   Code   RO          646    i.Get_MPU6050_Data  driver_mpu6050.o
    0x08001e5a   0x00000002   PAD
    0x08001e5c   0x00000098   Code   RO          647    i.Gyro_Cali         driver_mpu6050.o
    0x08001ef4   0x00000004   Code   RO          285    i.HardFault_Handler  stm32f4xx_it.o
    0x08001ef8   0x00000050   Code   RO          388    i.IIC_Ack           driver_iic.o
    0x08001f48   0x0000000c   Code   RO          389    i.IIC_Delay         driver_iic.o
    0x08001f54   0x00000050   Code   RO          390    i.IIC_NAck          driver_iic.o
    0x08001fa4   0x00000072   Code   RO          391    i.IIC_ReadData      driver_iic.o
    0x08002016   0x00000002   PAD
    0x08002018   0x0000006c   Code   RO          392    i.IIC_Read_Byte     driver_iic.o
    0x08002084   0x00000078   Code   RO          393    i.IIC_Send_Byte     driver_iic.o
    0x080020fc   0x00000050   Code   RO          394    i.IIC_Start         driver_iic.o
    0x0800214c   0x00000050   Code   RO          395    i.IIC_Stop          driver_iic.o
    0x0800219c   0x00000068   Code   RO          396    i.IIC_Wait_Ack      driver_iic.o
    0x08002204   0x00000044   Code   RO          397    i.IIC_WriteData     driver_iic.o
    0x08002248   0x00000108   Code   RO          648    i.IMU_GetPitchRoll  driver_mpu6050.o
    0x08002350   0x00000094   Code   RO          649    i.IMU_GetPitchRollYaw  driver_mpu6050.o
    0x080023e4   0x00000002   Code   RO          856    i.KM_Process        driver_control.o
    0x080023e6   0x0000004a   Code   RO          742    i.Limit_Input       driver_remoter.o
    0x08002430   0x00000100   Code   RO          650    i.MPU6050_Init      driver_mpu6050.o
    0x08002530   0x0000003c   Code   RO          651    i.Mag_Calc          driver_mpu6050.o
    0x0800256c   0x00000004   Code   RO          286    i.MemManage_Handler  stm32f4xx_it.o
    0x08002570   0x00000012   Code   RO         6647    i.Mem_Clr           lib_mem.o
    0x08002582   0x00000054   Code   RO         6663    i.Mem_Set           lib_mem.o
    0x080025d6   0x00000002   Code   RO          287    i.NMI_Handler       stm32f4xx_it.o
    0x080025d8   0x00000078   Code   RO         1338    i.NVIC_Init         misc.o
    0x08002650   0x00000014   Code   RO         1339    i.NVIC_PriorityGroupConfig  misc.o
    0x08002664   0x00000002   Code   RO         6916    i.OSCfg_Init        os_cfg_app.o
    0x08002666   0x00000002   PAD
    0x08002668   0x00000014   Code   RO         7979    i.OSIdleTaskHook    os_cpu_c.o
    0x0800267c   0x00000164   Code   RO         6939    i.OSInit            os_core.o
    0x080027e0   0x00000028   Code   RO         7980    i.OSInitHook        os_cpu_c.o
    0x08002808   0x0000002c   Code   RO         6940    i.OSIntEnter        os_core.o
    0x08002834   0x000000dc   Code   RO         6941    i.OSIntExit         os_core.o
    0x08002910   0x00000088   Code   RO         7332    i.OSMutexCreate     os_mutex.o
    0x08002998   0x00000250   Code   RO         7334    i.OSMutexPend       os_mutex.o
    0x08002be8   0x00000174   Code   RO         7336    i.OSMutexPost       os_mutex.o
    0x08002d5c   0x00000090   Code   RO         7435    i.OSQCreate         os_q.o
    0x08002dec   0x000000a0   Code   RO         6942    i.OSSched           os_core.o
    0x08002e8c   0x00000074   Code   RO         6943    i.OSSchedLock       os_core.o
    0x08002f00   0x00000094   Code   RO         6944    i.OSSchedUnlock     os_core.o
    0x08002f94   0x000001a8   Code   RO         7509    i.OSSemPend         os_sem.o
    0x0800313c   0x00000070   Code   RO         7511    i.OSSemPost         os_sem.o
    0x080031ac   0x00000080   Code   RO         7512    i.OSSemSet          os_sem.o
    0x0800322c   0x00000068   Code   RO         6945    i.OSStart           os_core.o
    0x08003294   0x00000128   Code   RO         7579    i.OSStatReset       os_stat.o
    0x080033bc   0x000000f0   Code   RO         7580    i.OSStatTaskCPUUsageInit  os_stat.o
    0x080034ac   0x00000014   Code   RO         7981    i.OSStatTaskHook    os_cpu_c.o
    0x080034c0   0x0000019c   Code   RO         7610    i.OSTaskCreate      os_task.o
    0x0800365c   0x00000018   Code   RO         7982    i.OSTaskCreateHook  os_cpu_c.o
    0x08003674   0x00000128   Code   RO         7611    i.OSTaskDel         os_task.o
    0x0800379c   0x00000018   Code   RO         7983    i.OSTaskDelHook     os_cpu_c.o
    0x080037b4   0x00000068   Code   RO         7619    i.OSTaskResume      os_task.o
    0x0800381c   0x00000018   Code   RO         7984    i.OSTaskReturnHook  os_cpu_c.o
    0x08003834   0x000001dc   Code   RO         7620    i.OSTaskSemPend     os_task.o
    0x08003a10   0x0000003e   Code   RO         7622    i.OSTaskSemPost     os_task.o
    0x08003a4e   0x00000002   PAD
    0x08003a50   0x000000d4   Code   RO         7624    i.OSTaskStkChk      os_task.o
    0x08003b24   0x0000025c   Code   RO         7985    i.OSTaskStkInit     os_cpu_c.o
    0x08003d80   0x00000038   Code   RO         7625    i.OSTaskSuspend     os_task.o
    0x08003db8   0x00000088   Code   RO         7986    i.OSTaskSwHook      os_cpu_c.o
    0x08003e40   0x000000b8   Code   RO         7823    i.OSTimeDly         os_time.o
    0x08003ef8   0x00000034   Code   RO         7826    i.OSTimeGet         os_time.o
    0x08003f2c   0x00000044   Code   RO         7828    i.OSTimeTick        os_time.o
    0x08003f70   0x00000014   Code   RO         7987    i.OSTimeTickHook    os_cpu_c.o
    0x08003f84   0x00000030   Code   RO         7989    i.OS_CPU_SysTickInit  os_cpu_c.o
    0x08003fb4   0x000001a8   Code   RO         7155    i.OS_Dbg_Init       os_dbg.o
    0x0800415c   0x00000018   Code   RO         7180    i.OS_FlagInit       os_flag.o
    0x08004174   0x00000044   Code   RO         6947    i.OS_IdleTask       os_core.o
    0x080041b8   0x00000070   Code   RO         6948    i.OS_IdleTaskInit   os_core.o
    0x08004228   0x00000018   Code   RO         7264    i.OS_MemInit        os_mem.o
    0x08004240   0x0000007c   Code   RO         7296    i.OS_MsgPoolInit    os_msg.o
    0x080042bc   0x00000044   Code   RO         7297    i.OS_MsgQFreeAll    os_msg.o
    0x08004300   0x0000000e   Code   RO         7299    i.OS_MsgQInit       os_msg.o
    0x0800430e   0x00000002   PAD
    0x08004310   0x00000030   Code   RO         7338    i.OS_MutexDbgListAdd  os_mutex.o
    0x08004340   0x00000018   Code   RO         7340    i.OS_MutexInit      os_mutex.o
    0x08004358   0x00000068   Code   RO         6949    i.OS_Pend           os_core.o
    0x080043c0   0x00000026   Code   RO         6952    i.OS_PendDataInit   os_core.o
    0x080043e6   0x00000002   PAD
    0x080043e8   0x0000005c   Code   RO         6953    i.OS_PendDbgNameAdd  os_core.o
    0x08004444   0x00000024   Code   RO         6954    i.OS_PendDbgNameRemove  os_core.o
    0x08004468   0x00000046   Code   RO         6955    i.OS_PendListChangePrio  os_core.o
    0x080044ae   0x0000000a   Code   RO         6956    i.OS_PendListInit   os_core.o
    0x080044b8   0x00000066   Code   RO         6958    i.OS_PendListInsertPrio  os_core.o
    0x0800451e   0x00000030   Code   RO         6959    i.OS_PendListRemove  os_core.o
    0x0800454e   0x00000042   Code   RO         6960    i.OS_PendListRemove1  os_core.o
    0x08004590   0x000000d6   Code   RO         6963    i.OS_Post           os_core.o
    0x08004666   0x0000002a   Code   RO         6964    i.OS_Post1          os_core.o
    0x08004690   0x00000028   Code   RO         7398    i.OS_PrioGetHighest  os_prio.o
    0x080046b8   0x00000018   Code   RO         7399    i.OS_PrioInit       os_prio.o
    0x080046d0   0x00000024   Code   RO         7400    i.OS_PrioInsert     os_prio.o
    0x080046f4   0x00000024   Code   RO         7401    i.OS_PrioRemove     os_prio.o
    0x08004718   0x00000030   Code   RO         7442    i.OS_QDbgListAdd    os_q.o
    0x08004748   0x00000018   Code   RO         7444    i.OS_QInit          os_q.o
    0x08004760   0x00000024   Code   RO         6965    i.OS_RdyListInit    os_core.o
    0x08004784   0x0000002c   Code   RO         6966    i.OS_RdyListInsert  os_core.o
    0x080047b0   0x00000040   Code   RO         6967    i.OS_RdyListInsertHead  os_core.o
    0x080047f0   0x0000003c   Code   RO         6968    i.OS_RdyListInsertTail  os_core.o
    0x0800482c   0x0000005c   Code   RO         6970    i.OS_RdyListRemove  os_core.o
    0x08004888   0x0000001c   Code   RO         6971    i.OS_SchedLockTimeMeasStart  os_core.o
    0x080048a4   0x0000003c   Code   RO         6972    i.OS_SchedLockTimeMeasStop  os_core.o
    0x080048e0   0x00000018   Code   RO         7516    i.OS_SemInit        os_sem.o
    0x080048f8   0x00000126   Code   RO         7517    i.OS_SemPost        os_sem.o
    0x08004a1e   0x00000002   PAD
    0x08004a20   0x000002e8   Code   RO         7581    i.OS_StatTask       os_stat.o
    0x08004d08   0x000000cc   Code   RO         7582    i.OS_StatTaskInit   os_stat.o
    0x08004dd4   0x0000002c   Code   RO         6973    i.OS_TaskBlock      os_core.o
    0x08004e00   0x00000030   Code   RO         7626    i.OS_TaskDbgListAdd  os_task.o
    0x08004e30   0x00000044   Code   RO         7627    i.OS_TaskDbgListRemove  os_task.o
    0x08004e74   0x00000020   Code   RO         7628    i.OS_TaskInit       os_task.o
    0x08004e94   0x000000b4   Code   RO         7629    i.OS_TaskInitTCB    os_task.o
    0x08004f48   0x00000100   Code   RO         7631    i.OS_TaskResume     os_task.o
    0x08005048   0x00000018   Code   RO         7632    i.OS_TaskReturn     os_task.o
    0x08005060   0x000001c4   Code   RO         7633    i.OS_TaskSemPost    os_task.o
    0x08005224   0x00000118   Code   RO         7634    i.OS_TaskSuspend    os_task.o
    0x0800533c   0x00000086   Code   RO         7771    i.OS_TickListInsert  os_tick.o
    0x080053c2   0x00000002   PAD
    0x080053c4   0x000000bc   Code   RO         7772    i.OS_TickListInsertDly  os_tick.o
    0x08005480   0x00000058   Code   RO         7773    i.OS_TickListRemove  os_tick.o
    0x080054d8   0x00000002   Code   RO         7774    i.OS_TickListResetPeak  os_tick.o
    0x080054da   0x00000002   PAD
    0x080054dc   0x00000098   Code   RO         7775    i.OS_TickListUpdateDly  os_tick.o
    0x08005574   0x000000d4   Code   RO         7776    i.OS_TickListUpdateTimeout  os_tick.o
    0x08005648   0x00000070   Code   RO         7777    i.OS_TickTask       os_tick.o
    0x080056b8   0x000000c8   Code   RO         7778    i.OS_TickTaskInit   os_tick.o
    0x08005780   0x00000134   Code   RO         7874    i.OS_TmrInit        os_tmr.o
    0x080058b4   0x00000018   Code   RO         7875    i.OS_TmrLock        os_tmr.o
    0x080058cc   0x00000002   Code   RO         7876    i.OS_TmrResetPeak   os_tmr.o
    0x080058ce   0x00000002   PAD
    0x080058d0   0x00000094   Code   RO         7877    i.OS_TmrTask        os_tmr.o
    0x08005964   0x00000044   Code   RO         7878    i.OS_TmrUnlink      os_tmr.o
    0x080059a8   0x00000014   Code   RO         7879    i.OS_TmrUnlock      os_tmr.o
    0x080059bc   0x00000060   Code   RO          472    i.PIDStruct_Init    driver_pid.o
    0x08005a1c   0x00000016   Code   RO          474    i.PID_Param_Init    driver_pid.o
    0x08005a32   0x00000018   Code   RO          745    i.Presskey_Judge    driver_remoter.o
    0x08005a4a   0x00000002   PAD
    0x08005a4c   0x00000020   Code   RO         4025    i.RCC_AHB1PeriphClockCmd  stm32f4xx_rcc.o
    0x08005a6c   0x00000020   Code   RO         4034    i.RCC_APB1PeriphClockCmd  stm32f4xx_rcc.o
    0x08005a8c   0x00000020   Code   RO         4036    i.RCC_APB1PeriphResetCmd  stm32f4xx_rcc.o
    0x08005aac   0x00000020   Code   RO         4037    i.RCC_APB2PeriphClockCmd  stm32f4xx_rcc.o
    0x08005acc   0x000000e8   Code   RO         4046    i.RCC_GetClocksFreq  stm32f4xx_rcc.o
    0x08005bb4   0x00000002   Code   RO          857    i.RM_Process        driver_control.o
    0x08005bb6   0x00000002   PAD
    0x08005bb8   0x00000014   Code   RO          652    i.Rad2Degree        driver_mpu6050.o
    0x08005bcc   0x00000002   Code   RO          858    i.ST_Process        driver_control.o
    0x08005bce   0x00000002   Code   RO          288    i.SVC_Handler       stm32f4xx_it.o
    0x08005bd0   0x00000040   Code   RO         5327    i.SYSCFG_EXTILineConfig  stm32f4xx_syscfg.o
    0x08005c10   0x000000ec   Code   RO         1297    i.SetSysClock       system_stm32f4xx.o
    0x08005cfc   0x00000024   Code   RO          909    i.SysModule_Init    task_sysinit.o
    0x08005d20   0x00000010   Code   RO          289    i.SysTick_Handler   stm32f4xx_it.o
    0x08005d30   0x00000068   Code   RO         1299    i.SystemInit        system_stm32f4xx.o
    0x08005d98   0x00000018   Code   RO         5388    i.TIM_ARRPreloadConfig  stm32f4xx_tim.o
    0x08005db0   0x00000018   Code   RO         5400    i.TIM_Cmd           stm32f4xx_tim.o
    0x08005dc8   0x0000001e   Code   RO         5402    i.TIM_CtrlPWMOutputs  stm32f4xx_tim.o
    0x08005de6   0x00000002   PAD
    0x08005de8   0x0000007c   Code   RO         5429    i.TIM_OC1Init       stm32f4xx_tim.o
    0x08005e64   0x00000084   Code   RO         5472    i.TIM_TimeBaseInit  stm32f4xx_tim.o
    0x08005ee8   0x00000036   Code   RO         1038    i.Task_Control      task_control.o
    0x08005f1e   0x00000002   PAD
    0x08005f20   0x00000024   Code   RO          960    i.Task_DebugMsg     task_debugmsg.o
    0x08005f44   0x0000017c   Code   RO          985    i.Task_IMU          task_mpucalc.o
    0x080060c0   0x00000160   Code   RO          910    i.Task_SysInit      task_sysinit.o
    0x08006220   0x00000084   Code   RO          290    i.USART1_IRQHandler  stm32f4xx_it.o
    0x080062a4   0x00000012   Code   RO         5950    i.USART_ClearFlag   stm32f4xx_usart.o
    0x080062b6   0x00000018   Code   RO         5954    i.USART_Cmd         stm32f4xx_usart.o
    0x080062ce   0x00000012   Code   RO         5955    i.USART_DMACmd      stm32f4xx_usart.o
    0x080062e0   0x0000004a   Code   RO         5960    i.USART_ITConfig    stm32f4xx_usart.o
    0x0800632a   0x00000002   PAD
    0x0800632c   0x000000d4   Code   RO         5961    i.USART_Init        stm32f4xx_usart.o
    0x08006400   0x000003b8   Code   RO          653    i.UpdateQ           driver_mpu6050.o
    0x080067b8   0x00000004   Code   RO          291    i.UsageFault_Handler  stm32f4xx_it.o
    0x080067bc   0x00000030   Code   RO         8213    i.__ARM_fpclassify  m_wm.l(fpclassify.o)
    0x080067ec   0x00000004   PAD
    0x080067f0   0x00000360   Code   RO         8130    i.__hardfp_asin     m_wm.l(asin.o)
    0x08006b50   0x000002d8   Code   RO         8185    i.__hardfp_atan     m_wm.l(atan.o)
    0x08006e28   0x000001f0   Code   RO         8144    i.__hardfp_atan2    m_wm.l(atan2.o)
    0x08007018   0x00000014   Code   RO         8156    i.__hardfp_fabs     m_wm.l(fabs.o)
    0x0800702c   0x000000f8   Code   RO         8215    i.__kernel_poly     m_wm.l(poly.o)
    0x08007124   0x00000014   Code   RO         8200    i.__mathlib_dbl_infnan  m_wm.l(dunder.o)
    0x08007138   0x00000014   Code   RO         8201    i.__mathlib_dbl_infnan2  m_wm.l(dunder.o)
    0x0800714c   0x00000004   PAD
    0x08007150   0x00000020   Code   RO         8202    i.__mathlib_dbl_invalid  m_wm.l(dunder.o)
    0x08007170   0x00000020   Code   RO         8205    i.__mathlib_dbl_underflow  m_wm.l(dunder.o)
    0x08007190   0x00000004   Code   RO          521    i._sys_exit         driver_usart.o
    0x08007194   0x00000010   Code   RO         8187    i.atan              m_wm.l(atan.o)
    0x080071a4   0x00000018   Code   RO         8158    i.fabs              m_wm.l(fabs.o)
    0x080071bc   0x0000001c   Code   RO          522    i.fputc             driver_usart.o
    0x080071d8   0x0000006c   Code   RO          654    i.invSqrt           driver_mpu6050.o
    0x08007244   0x0000005c   Code   RO            4    i.main              main.o
    0x080072a0   0x0000006e   Code   RO         8220    i.sqrt              m_wm.l(sqrt.o)
    0x0800730e   0x00000018   Code   RO         8104    x$fpl$basic         fz_wm.l(basic.o)
    0x08007326   0x00000002   PAD
    0x08007328   0x00000062   Code   RO         8106    x$fpl$d2f           fz_wm.l(d2f.o)
    0x0800738a   0x00000002   PAD
    0x0800738c   0x00000150   Code   RO         8108    x$fpl$dadd          fz_wm.l(daddsub_clz.o)
    0x080074dc   0x00000018   Code   RO         8174    x$fpl$dcmpinf       fz_wm.l(dcmpi.o)
    0x080074f4   0x000002b0   Code   RO         8115    x$fpl$ddiv          fz_wm.l(ddiv.o)
    0x080077a4   0x00000078   Code   RO         8124    x$fpl$dleqf         fz_wm.l(dleqf.o)
    0x0800781c   0x00000154   Code   RO         8126    x$fpl$dmul          fz_wm.l(dmul.o)
    0x08007970   0x0000009c   Code   RO         8176    x$fpl$dnaninf       fz_wm.l(dnaninf.o)
    0x08007a0c   0x0000000c   Code   RO         8178    x$fpl$dretinf       fz_wm.l(dretinf.o)
    0x08007a18   0x00000016   Code   RO         8109    x$fpl$drsb          fz_wm.l(daddsub_clz.o)
    0x08007a2e   0x00000002   PAD
    0x08007a30   0x00000198   Code   RO         8258    x$fpl$dsqrt         fz_wm.l(dsqrt_umaal.o)
    0x08007bc8   0x000001d4   Code   RO         8110    x$fpl$dsub          fz_wm.l(daddsub_clz.o)
    0x08007d9c   0x00000056   Code   RO         8128    x$fpl$f2d           fz_wm.l(f2d.o)
    0x08007df2   0x0000008c   Code   RO         8180    x$fpl$fnaninf       fz_wm.l(fnaninf.o)
    0x08007e7e   0x0000000a   Code   RO         8345    x$fpl$fpinit        fz_wm.l(fpinit.o)
    0x08007e88   0x0000000a   Code   RO         8182    x$fpl$fretinf       fz_wm.l(fretinf.o)
    0x08007e92   0x00000000   Code   RO         8184    x$fpl$usenofp       fz_wm.l(usenofp.o)
    0x08007e92   0x00000002   PAD
    0x08007e94   0x00000094   Data   RO         6918    .constdata          os_cfg_app.o
    0x08007f28   0x00000168   Data   RO         7156    .constdata          os_dbg.o
    0x08008090   0x00000050   Data   RO         8133    .constdata          m_wm.l(asin.o)
    0x080080e0   0x00000098   Data   RO         8188    .constdata          m_wm.l(atan.o)
    0x08008178   0x00000008   Data   RO         8217    .constdata          m_wm.l(qnan.o)
    0x08008180   0x00000020   Data   RO         8400    Region$$Table       anon$$obj.o


    Execution Region RW_IRAM1 (Base: 0x20000000, Size: 0x00003f18, Max: 0x00020000, ABSOLUTE, COMPRESSED[0x00000018])

    Base Addr    Size         Type   Attr      Idx    E Section Name        Object

    0x20000000   0x00000001   Data   RW          292    .data               stm32f4xx_it.o
    0x20000001   0x00000003   PAD
    0x20000004   0x00000004   Data   RW          523    .data               driver_usart.o
    0x20000008   0x00000024   Data   RW          657    .data               driver_mpu6050.o
    0x2000002c   0x0000003a   Data   RW          748    .data               driver_remoter.o
    0x20000066   0x00000006   Data   RW          859    .data               driver_control.o
    0x2000006c   0x00000001   Data   RW          986    .data               task_mpucalc.o
    0x2000006d   0x00000010   Data   RW         4078    .data               stm32f4xx_rcc.o
    0x2000007d   0x00000003   PAD
    0x20000080   0x00000004   Data   RW         6350    .data               cpu_core.o
    0x20000084   0x00000008   Data   RW         7402    .data               os_prio.o
    0x2000008c   0x000000c4   Data   RW         7960    .data               os_var.o
    0x20000150   0x00000004   Data   RW         7990    .data               os_cpu_c.o
    0x20000154   0x000002b8   Zero   RW            5    .bss                main.o
    0x2000040c   0x000000b0   Zero   RW          475    .bss                driver_pid.o
    0x200004bc   0x00000040   Zero   RW          656    .bss                driver_mpu6050.o
    0x200004fc   0x00000026   Zero   RW          747    .bss                driver_remoter.o
    0x20000522   0x00000002   PAD
    0x20000524   0x00001ca8   Zero   RW          911    .bss                task_sysinit.o
    0x200021cc   0x00000083   Zero   RW         1144    .bss                bsp_uart.o
    0x2000224f   0x00000010   Zero   RW         6348    .bss                cpu_core.o
    0x2000225f   0x00000001   PAD
    0x20002260   0x00001040   Zero   RW         6917    .bss                os_cfg_app.o
    0x200032a0   0x00000618   Zero   RW         7959    .bss                os_var.o
    0x200038b8   0x00000060   Zero   RW         8261    .bss                c_w.l(libspace.o)
    0x20003918   0x00000200   Zero   RW         1288    HEAP                startup_stm32f40_41xxx.o
    0x20003b18   0x00000400   Zero   RW         1287    STACK               startup_stm32f40_41xxx.o


==============================================================================

Image component sizes


      Code (inc. data)   RO Data    RW Data    ZI Data      Debug   Object Name

        78         14          0          0          0      10739   bsp.o
        24          0          0          0          0        479   bsp_all.o
       428         16          0          0          0        901   bsp_can.o
        76          0          0          0          0        582   bsp_exti.o
       280         18          0          0          0        737   bsp_iic.o
        12          0          0          0          0        478   bsp_nvic.o
       728         38          0          0        131       3083   bsp_uart.o
        52          0          0          0          0        324   cpu_a.o
       100         18          0          4         16       4433   cpu_core.o
        66          4          0          0          0        978   driver_can.o
        78         10          0          6          0       3054   driver_control.o
       846         30          0          0          0       6262   driver_iic.o
      2298        122          0         36         64       8699   driver_mpu6050.o
       286         42          0          0        176       2323   driver_pid.o
         2          0          0          0          0        448   driver_ramp.o
      1526        164          0         58         38       4758   driver_remoter.o
        32          4          0          4          0       2714   driver_usart.o
       102          0          0          0          0       1768   lib_mem.o
        92         28          0          0        696     347840   main.o
       140         24          0          0          0       1423   misc.o
         2          0        148          0       4160      19187   os_cfg_app.o
      2578        362          0          0          0      18786   os_core.o
       172         32          0          0          0        388   os_cpu_a.o
       960         60          0          4          0       7617   os_cpu_c.o
       424        278        360          0          0       4705   os_dbg.o
        24         10          0          0          0        858   os_flag.o
        24         10          0          0          0        861   os_mem.o
       206         20          0          0          0       2300   os_msg.o
      1172         78          0          0          0       4408   os_mutex.o
       136         16          0          8          0       2826   os_prio.o
       216         34          0          0          0       2152   os_q.o
       982         40          0          0          0       4901   os_sem.o
      1484        190          0          0          0       3871   os_stat.o
      2958        168          0          0          0      12417   os_task.o
      1088         92          0          0          0       6166   os_tick.o
       304         36          0          0          0       2241   os_time.o
       570        142          0          0          0       3955   os_tmr.o
         0          0          0        196       1560      17820   os_var.o
        64         26        392          0       1536        828   startup_stm32f40_41xxx.o
      1054         18          0          0          0       5131   stm32f4xx_can.o
       530         40          0          0          0       4602   stm32f4xx_dma.o
       148          6          0          0          0        884   stm32f4xx_exti.o
       240          0          0          0          0       3275   stm32f4xx_gpio.o
       586         80          0          1          0       7084   stm32f4xx_it.o
       360         42          0         16          0       4948   stm32f4xx_rcc.o
        64          4          0          0          0        616   stm32f4xx_syscfg.o
       334         38          0          0          0       3451   stm32f4xx_tim.o
       346          8          0          0          0       3843   stm32f4xx_usart.o
       340         32          0          0          0       1437   system_stm32f4xx.o
        54          0          0          0          0        547   task_control.o
        36         14          0          0          0        512   task_debugmsg.o
       380         26          0          1          0        975   task_mpucalc.o
       388        106          0          0       7336       2702   task_sysinit.o

    ----------------------------------------------------------------------
     25512       2540        932        340      15716     558317   Object Totals
         0          0         32          0          0          0   (incl. Generated)
        42          0          0          6          3          0   (incl. Padding)

    ----------------------------------------------------------------------

      Code (inc. data)   RO Data    RW Data    ZI Data      Debug   Library Member Name

        90          0          0          0          0          0   __dczerorl2.o
         8          0          0          0          0         68   __main.o
       104          0          0          0          0         84   __printf.o
         0          0          0          0          0          0   __rtentry.o
        12          0          0          0          0          0   __rtentry2.o
         6          0          0          0          0          0   __rtentry4.o
        52          8          0          0          0          0   __scatter.o
        28          0          0          0          0          0   __scatter_zi.o
        48          6          0          0          0         96   _printf_char_common.o
        36          4          0          0          0         80   _printf_char_file.o
         6          0          0          0          0          0   _printf_d.o
       120         16          0          0          0         92   _printf_dec.o
       178          0          0          0          0         88   _printf_intcommon.o
         0          0          0          0          0          0   _printf_percent.o
         4          0          0          0          0          0   _printf_percent_end.o
        22          0          0          0          0        100   _rserrno.o
        12          0          0          0          0         72   exit.o
         8          0          0          0          0         68   ferror.o
         6          0          0          0          0        152   heapauxi.o
         2          0          0          0          0          0   libinit.o
         6          0          0          0          0          0   libinit2.o
         2          0          0          0          0          0   libshutdown.o
         2          0          0          0          0          0   libshutdown2.o
         8          4          0          0         96         68   libspace.o
        24          4          0          0          0         84   noretval__2printf.o
         8          4          0          0          0         68   rt_errno_addr_intlibspace.o
         2          0          0          0          0          0   rtexit.o
        10          0          0          0          0          0   rtexit2.o
        74          0          0          0          0         80   sys_stackheap_outer.o
        24          0          0          0          0        164   basic.o
        98          4          0          0          0        140   d2f.o
       826         16          0          0          0        492   daddsub_clz.o
        24          0          0          0          0        116   dcmpi.o
       688        140          0          0          0        256   ddiv.o
       120          4          0          0          0        140   dleqf.o
       340         12          0          0          0        152   dmul.o
       156          4          0          0          0        140   dnaninf.o
        12          0          0          0          0        116   dretinf.o
       408         56          0          0          0        168   dsqrt_umaal.o
        86          4          0          0          0        132   f2d.o
       140          4          0          0          0        132   fnaninf.o
        10          0          0          0          0        116   fpinit.o
        10          0          0          0          0        116   fretinf.o
         0          0          0          0          0          0   usenofp.o
       864         94         80          0          0        280   asin.o
       744        106        152          0          0        352   atan.o
       496         64          0          0          0        192   atan2.o
       104         16          0          0          0        496   dunder.o
        44          0          0          0          0        248   fabs.o
        48          0          0          0          0        124   fpclassify.o
       248          0          0          0          0        152   poly.o
         0          0          8          0          0          0   qnan.o
       110          0          0          0          0        148   sqrt.o

    ----------------------------------------------------------------------
      6500        570        240          0         96       5572   Library Totals
        22          0          0          0          0          0   (incl. Padding)

    ----------------------------------------------------------------------

      Code (inc. data)   RO Data    RW Data    ZI Data      Debug   Library Name

       878         46          0          0         96       1200   c_w.l
      2942        244          0          0          0       2380   fz_wm.l
      2658        280        240          0          0       1992   m_wm.l

    ----------------------------------------------------------------------
      6500        570        240          0         96       5572   Library Totals

    ----------------------------------------------------------------------

==============================================================================


      Code (inc. data)   RO Data    RW Data    ZI Data      Debug   

     32012       3110       1172        340      15812     540469   Grand Totals
     32012       3110       1172         24      15812     540469   ELF Image Totals (compressed)
     32012       3110       1172         24          0          0   ROM Totals

==============================================================================

    Total RO  Size (Code + RO Data)                33184 (  32.41kB)
    Total RW  Size (RW Data + ZI Data)             16152 (  15.77kB)
    Total ROM Size (Code + RO Data + RW Data)      33208 (  32.43kB)

==============================================================================

